2026-05-18T16:39:14+08:00	file=/big7_disk/liaoyoyo2001/InterSubMod/docs/reports/validated/2026/05/test.md	tool=Write	last_read=never
2026-05-20T01:58:42+08:00	file=/big7_disk/liaoyoyo2001/InterSubMod/docs/reports/validated/2026/05/20260521_PI_V6_signoff_email_draft_5goal.md	tool=Write	last_read=2026-05-19T11:53:00+08:00
2026-05-20T02:50:45+08:00	file=/big7_disk/liaoyoyo2001/InterSubMod/docs/reports/validated/2026/05/20260521_PI_V6_signoff_email_draft_5goal.md	tool=Edit	last_read=2026-05-19T11:53:00+08:00
2026-05-20T02:51:11+08:00	file=/big7_disk/liaoyoyo2001/InterSubMod/docs/reports/validated/2026/05/20260521_PI_V6_signoff_email_draft_5goal.md	tool=Edit	last_read=2026-05-19T11:53:00+08:00
2026-05-20T02:51:19+08:00	file=/big7_disk/liaoyoyo2001/InterSubMod/docs/reports/validated/2026/05/20260521_PI_V6_signoff_email_draft_5goal.md	tool=Edit	last_read=2026-05-19T11:53:00+08:00
2026-05-20T02:51:28+08:00	file=/big7_disk/liaoyoyo2001/InterSubMod/docs/reports/validated/2026/05/20260521_PI_V6_signoff_email_draft_5goal.md	tool=Edit	last_read=2026-05-19T11:53:00+08:00
2026-05-20T12:22:08+08:00	file=/big7_disk/liaoyoyo2001/InterSubMod/docs/reports/validated/2026/05/20260509_PI_Report_4_29_Errata_01.md	tool=Edit	last_read=2026-05-19T11:53:00+08:00
2026-05-20T12:22:34+08:00	file=/big7_disk/liaoyoyo2001/InterSubMod/docs/reports/validated/2026/05/20260509_PI_Report_4_29_Errata_01.md	tool=Edit	last_read=2026-05-19T11:53:00+08:00
2026-05-20T12:22:54+08:00	file=/big7_disk/liaoyoyo2001/InterSubMod/docs/reports/validated/2026/05/20260521_PI_V6_signoff_email_draft_5goal.md	tool=Edit	last_read=2026-05-19T11:53:00+08:00
2026-05-21T07:03:40+08:00	file=/big7_disk/liaoyoyo2001/InterSubMod/docs/reports/validated/2026/05/20260522_週報_V6_signoff_5goal_PI_report/auto_decisions_for_user_review.md	tool=Write	last_read=2026-05-21T02:07:50+08:00
2026-05-21T07:09:10+08:00	file=/big7_disk/liaoyoyo2001/InterSubMod/docs/reports/validated/2026/05/20260522_週報_V6_signoff_5goal_PI_report/master_draft.md	tool=Write	last_read=2026-05-21T02:07:50+08:00
2026-05-21T07:09:44+08:00	file=/big7_disk/liaoyoyo2001/InterSubMod/docs/reports/validated/2026/05/20260522_週報_V6_signoff_5goal_PI_report/next_week_plan.md	tool=Write	last_read=2026-05-21T02:07:50+08:00
2026-06-02T23:28:13+08:00	file=/big7_disk/liaoyoyo2001/InterSubMod/docs/reports/validated/2026/06/20260602_研究週報_20260526_20260602_phasing_GradeA與ASM收斂/master_draft.md	tool=Write	last_read=2026-06-02T22:26:53+08:00
2026-06-03T01:41:21+08:00	file=/big7_disk/liaoyoyo2001/InterSubMod/docs/reports/validated/2026/06/20260602_研究週報_20260526_20260602_phasing_GradeA與ASM收斂/master_draft.standalone.html	tool=Write	last_read=2026-06-02T22:26:53+08:00
2026-06-03T16:15:41+08:00	file=/big7_disk/liaoyoyo2001/InterSubMod/docs/reports/validated/2026/06/20260602_研究週報_20260526_20260602_phasing_GradeA與ASM收斂/master_draft.md	tool=Edit	last_read=2026-06-03T10:28:59+08:00
2026-06-03T16:15:56+08:00	file=/big7_disk/liaoyoyo2001/InterSubMod/docs/reports/validated/2026/06/20260602_研究週報_20260526_20260602_phasing_GradeA與ASM收斂/master_draft.md	tool=Edit	last_read=2026-06-03T10:28:59+08:00
2026-06-08T02:39:30+08:00	file=/big7_disk/liaoyoyo2001/InterSubMod/docs/reports/validated/2026/06/20260602_研究週報_20260526_20260602_phasing_GradeA與ASM收斂/master_draft.md	tool=Edit	last_read=2026-06-03T10:28:59+08:00
2026-06-08T02:39:38+08:00	file=/big7_disk/liaoyoyo2001/InterSubMod/docs/reports/validated/2026/06/20260602_研究週報_20260526_20260602_phasing_GradeA與ASM收斂/master_draft.md	tool=Edit	last_read=2026-06-03T10:28:59+08:00
2026-06-10T20:51:06+08:00	file=/big7_disk/liaoyoyo2001/InterSubMod/docs/reports/validated/2026/06/20260602_研究週報_20260526_20260602_phasing_GradeA與ASM收斂/master_draft.md	tool=Edit	last_read=2026-06-10T14:18:16+08:00
2026-06-10T20:51:33+08:00	file=/big7_disk/liaoyoyo2001/InterSubMod/docs/reports/validated/2026/06/20260602_研究週報_20260526_20260602_phasing_GradeA與ASM收斂/master_draft.md	tool=Edit	last_read=2026-06-10T14:18:16+08:00
2026-06-10T20:51:46+08:00	file=/big7_disk/liaoyoyo2001/InterSubMod/docs/reports/validated/2026/06/20260602_研究週報_20260526_20260602_phasing_GradeA與ASM收斂/master_draft.md	tool=Edit	last_read=2026-06-10T14:18:16+08:00
2026-06-11T03:53:52+08:00	file=/big7_disk/liaoyoyo2001/InterSubMod/docs/reports/validated/2026/06/20260602_研究週報_20260526_20260602_phasing_GradeA與ASM收斂/master_draft.md	tool=Edit	last_read=2026-06-10T14:18:16+08:00
