2026-05-18T16:49:50+08:00	skill=scientific-rigor
2026-05-18T16:49:50+08:00	memory=feedback_test
2026-05-18T17:55:50+08:00	skill=scientific-rigor
2026-05-18T21:50:09+08:00	skill=weekly-report
2026-05-18T21:50:10+08:00	skill=pptx-build
2026-05-18T21:50:11+08:00	skill=results-report
2026-05-18T21:50:12+08:00	skill=structured-tech-report
2026-05-18T21:50:13+08:00	skill=doc-standards
2026-05-18T21:50:14+08:00	skill=citation-verification
2026-05-19T00:00:47+08:00	skill=weekly-report
2026-05-19T11:53:00+08:00	skill=report
2026-05-19T11:53:08+08:00	skill=html-report-build
2026-05-19T11:53:08+08:00	skill=html-preview
2026-05-19T11:53:22+08:00	skill=weekly-report
2026-05-19T16:52:18+08:00	skill=implementation-notes
2026-05-19T22:28:55+08:00	skill=scientific-rigor
2026-05-19T22:28:58+08:00	skill=research-context-loader
2026-05-19T22:28:59+08:00	skill=confirmation-protocol
2026-05-19T22:28:59+08:00	skill=known-pitfalls
2026-05-19T22:28:59+08:00	skill=cycle-init
2026-05-19T22:29:03+08:00	skill=research-loop
2026-05-19T22:29:03+08:00	skill=auc-confound-guard
2026-05-19T22:29:04+08:00	skill=inject-hypothesis
2026-05-19T22:29:08+08:00	skill=check-staleness
2026-05-19T22:29:08+08:00	skill=feature-layered-observation
2026-05-19T22:29:08+08:00	skill=implementation-notes
2026-05-19T22:29:15+08:00	skill=problem-framing-ideation
2026-05-19T22:29:15+08:00	skill=run-evaluator
2026-05-19T22:29:33+08:00	skill=cycle-init
2026-05-19T22:29:37+08:00	skill=research-loop
2026-05-19T22:29:37+08:00	skill=check-staleness
2026-05-19T22:29:38+08:00	skill=feature-layered-observation
2026-05-19T22:29:41+08:00	skill=multi-sample-consistency
2026-05-19T22:29:41+08:00	skill=run-evaluator
2026-05-19T22:29:42+08:00	skill=conclude-research
2026-05-19T22:29:57+08:00	skill=implementation-notes
2026-05-19T22:58:22+08:00	skill=implementation-notes
2026-05-19T23:04:52+08:00	skill=pre-decision-audit
2026-05-19T23:04:54+08:00	skill=implementation-notes
2026-05-19T23:07:16+08:00	skill=pre-decision-audit
2026-05-19T23:34:47+08:00	memory=project_research_vision_five_goals
2026-05-20T10:43:56+08:00	skill=html-report-build
2026-05-20T20:43:53+08:00	skill=weekly-report
2026-05-20T20:43:53+08:00	skill=pptx-build
2026-05-20T20:45:18+08:00	skill=html-report-build
2026-05-20T20:50:59+08:00	skill=myPPT
2026-05-20T20:51:36+08:00	skill=html-report-build
2026-05-20T20:53:36+08:00	skill=weekly-report
2026-05-20T20:54:35+08:00	skill=scientific-rigor
2026-05-21T13:12:08+08:00	memory=project_research_vision_five_goals
2026-05-22T01:55:57+08:00	skill=structured-tech-report
2026-05-22T01:55:57+08:00	skill=html-report-build
2026-05-22T01:56:05+08:00	skill=weekly-report
2026-05-22T01:56:07+08:00	skill=pre-decision-audit
2026-05-22T01:56:08+08:00	skill=pptx-build
2026-05-22T02:57:20+08:00	memory=project_hcc1395_chr8_hotspot
2026-05-22T02:57:21+08:00	memory=project_expected_coverage_baseline_bug
2026-05-22T02:57:22+08:00	memory=project_hpfinengroups_subclone_marker
2026-05-22T02:57:27+08:00	memory=feedback_merged_dataset_af_and_loh_pitfalls
2026-05-22T02:57:28+08:00	memory=project_kde_fix_downstream_quantification
2026-05-22T10:50:29+08:00	skill=results-report
2026-05-22T10:50:30+08:00	skill=conclude-research
2026-05-22T10:50:32+08:00	skill=report
2026-05-22T10:50:33+08:00	skill=myPPT
2026-05-22T16:43:00+08:00	skill=narrative-frame
2026-05-22T16:43:27+08:00	skill=structured-tech-report
2026-05-22T16:43:28+08:00	skill=weekly-report
2026-05-22T16:43:29+08:00	skill=pptx-build
2026-05-22T16:43:34+08:00	skill=results-report
2026-05-22T16:43:35+08:00	skill=conclude-research
2026-05-22T16:43:36+08:00	skill=report
2026-05-22T16:43:37+08:00	skill=myPPT
2026-05-22T17:45:35+08:00	skill=narrative-frame
2026-05-22T21:26:17+08:00	memory=project_hpfinengroups_subclone_marker
2026-05-22T21:26:18+08:00	memory=project_loh_subclone_af_methylation_positive
2026-05-22T21:26:19+08:00	memory=project_loh_constrained_phasing_discovery
2026-05-23T03:56:05+08:00	skill=image-gen
2026-05-24T06:24:25+08:00	memory=project_loh_subclone_af_methylation_positive
2026-05-24T06:24:26+08:00	memory=project_loh_constrained_phasing_discovery
2026-05-24T06:24:32+08:00	memory=project_hpfinengroups_subclone_marker
2026-05-24T06:24:33+08:00	memory=project_phase2_cycle1_global_fp_filter
2026-05-24T06:24:33+08:00	memory=project_clairs_to_verdict_pilot
2026-05-24T15:12:13+08:00	skill=scientific-rigor
2026-05-26T16:48:42+08:00	skill=feature-layered-observation
2026-05-26T16:48:51+08:00	memory=feedback_observation_scope_default_comprehensive
2026-05-26T16:48:52+08:00	memory=feedback_task_first_then_doc_then_plan
2026-05-26T16:48:53+08:00	skill=observation-analysis
2026-05-26T16:52:57+08:00	skill=doc-standards
2026-05-26T16:57:29+08:00	skill=cycle-state
2026-05-26T18:04:51+08:00	memory=project_loh_subclone_af_methylation_positive
2026-05-26T18:04:52+08:00	memory=project_methyl_filter_pilot_marginal_positive
2026-05-27T04:27:05+08:00	skill=html-report-build
2026-05-29T01:45:54+08:00	memory=project_snv_methylation_association
2026-05-29T01:45:54+08:00	memory=project_hcc1395_chr8_hotspot
2026-05-29T01:45:55+08:00	memory=feedback_observation_scope_default_comprehensive
2026-05-29T01:45:56+08:00	memory=feedback_existing_artifacts_must_verify
2026-05-29T01:57:48+08:00	memory=project_research_vision_five_goals
2026-05-29T02:05:42+08:00	skill=citation-verification
2026-05-30T03:47:23+08:00	skill=pipeline-manifest
2026-05-30T04:00:43+08:00	memory=project_snv_methylation_association
2026-05-30T04:00:44+08:00	memory=project_germline_fp_identification_nogo
2026-05-30T04:00:44+08:00	memory=project_zar1l_brca2_asm_verification
2026-05-30T04:00:45+08:00	memory=project_to_feature_deep_study
2026-05-30T04:00:53+08:00	memory=project_r1_global_sample_asm_negative
2026-05-30T04:00:54+08:00	memory=project_ism_af_discriminability
2026-05-30T04:00:55+08:00	memory=project_loh_subclone_af_methylation_positive
2026-05-30T04:00:56+08:00	memory=project_O12_loh_methylation_scenarios
2026-05-30T04:00:57+08:00	memory=project_O11_heterogeneity_negative
2026-05-30T04:00:57+08:00	memory=project_O13_cross_region_negative
2026-05-30T04:01:15+08:00	memory=project_methyl_filter_pilot_marginal_positive
2026-05-30T04:03:20+08:00	skill=fast-learning-coach
2026-05-30T04:03:21+08:00	skill=run-evaluator
2026-05-30T04:03:22+08:00	skill=research-loop
2026-05-30T04:03:23+08:00	skill=problem-framing-ideation
2026-05-30T04:03:52+08:00	skill=feature-layered-observation
2026-05-30T04:03:53+08:00	skill=feature-layered-observation
2026-05-30T04:03:54+08:00	skill=feature-layered-observation
2026-05-30T04:03:55+08:00	skill=feature-layered-observation
2026-05-30T04:06:40+08:00	memory=project_research_vision_five_goals
2026-05-30T04:07:00+08:00	memory=project_snv_methylation_association
2026-05-30T04:11:55+08:00	memory=project_loh_constrained_phasing_discovery
2026-05-30T04:11:55+08:00	memory=project_research_vision_five_goals
2026-05-30T04:11:56+08:00	memory=project_hpfinengroups_subclone_marker
2026-05-30T04:11:56+08:00	memory=project_phase2_cycle1_global_fp_filter
2026-05-30T04:11:56+08:00	memory=project_zar1l_brca2_asm_verification
2026-05-30T04:11:56+08:00	memory=project_research_strategy_2026Q2
2026-05-30T04:11:56+08:00	memory=project_loh_subclone_af_methylation_positive
2026-05-30T04:11:59+08:00	memory=project_methyl_filter_pilot_marginal_positive
2026-05-30T04:12:03+08:00	memory=project_phase2_cycle1_global_fp_filter
2026-05-30T04:12:03+08:00	memory=project_loh_constrained_phasing_discovery
2026-05-30T04:12:09+08:00	memory=project_zar1l_brca2_asm_verification
2026-05-30T04:12:10+08:00	memory=project_to_pure_independent_modeling_negative
2026-05-30T04:12:11+08:00	memory=project_beyond_auc_exhaustion_confirmed
2026-05-30T04:12:12+08:00	memory=project_self_phasing_causal_chain_confirmed
2026-05-30T04:12:17+08:00	memory=project_germline_fp_identification_nogo
2026-05-30T04:12:18+08:00	memory=project_qs_redesign_evidence
2026-05-30T04:12:18+08:00	memory=project_to_fp_provenance
2026-05-30T04:12:19+08:00	memory=project_p4_target3_depends_on_target1
2026-05-30T04:12:54+08:00	memory=project_phase2_cycle1_global_fp_filter
2026-05-30T04:12:54+08:00	memory=project_expected_coverage_baseline_bug
2026-05-30T04:12:54+08:00	memory=project_loh_constrained_phasing_discovery
2026-05-30T04:12:54+08:00	memory=project_zar1l_brca2_asm_verification
2026-05-30T04:12:55+08:00	memory=project_methyl_filter_pilot_marginal_positive
2026-05-30T04:12:55+08:00	memory=project_snv_methylation_association
2026-05-30T04:12:55+08:00	memory=project_research_vision_five_goals
2026-05-30T04:12:55+08:00	memory=project_kde_fix_downstream_quantification
2026-05-30T04:12:55+08:00	memory=project_v5_v6_tradeoff_sp123
2026-05-30T04:12:55+08:00	memory=project_research_strategy_2026Q2
2026-05-30T04:12:56+08:00	memory=feedback_productive_failure_reopen_threshold
2026-05-30T04:12:56+08:00	memory=project_v5_layer15_design_caveat
2026-05-30T04:12:56+08:00	memory=project_normal_bam_progressive_copy
2026-05-30T04:12:56+08:00	memory=project_p4_target3_depends_on_target1
2026-05-30T04:12:57+08:00	memory=project_to_cross_sample_archive_data_exists
2026-05-30T04:12:57+08:00	memory=project_hpfinengroups_subclone_marker
2026-05-30T04:12:58+08:00	memory=project_loh_subclone_af_methylation_positive
2026-05-30T04:12:58+08:00	memory=project_hcc1395_chr8_hotspot
2026-05-30T04:12:58+08:00	memory=project_loh_research_status
2026-05-30T04:12:59+08:00	memory=project_pending_non_loh_tasks
2026-05-30T04:12:59+08:00	memory=reference_longphase_getvote_source
2026-05-30T04:13:00+08:00	memory=feedback_merged_dataset_af_and_loh_pitfalls
2026-05-30T04:13:00+08:00	memory=project_getvote_per_read_concept
2026-05-30T04:13:01+08:00	memory=feedback_tmp_disk_full_pipeline_pitfall
2026-05-30T04:13:54+08:00	memory=project_germline_fp_identification_nogo
2026-05-30T04:13:55+08:00	memory=project_to_fp_provenance
2026-05-30T04:15:03+08:00	memory=project_loh_constrained_phasing_discovery
2026-05-30T04:15:07+08:00	skill=image-gen
2026-05-30T04:15:08+08:00	skill=image-vision-check
2026-05-30T04:20:25+08:00	memory=project_germline_fp_identification_nogo
2026-05-30T04:20:32+08:00	memory=project_snv_methylation_association
2026-05-30T04:23:56+08:00	memory=project_research_vision_five_goals
2026-05-30T04:30:32+08:00	skill=run-evaluator
2026-05-30T04:32:47+08:00	skill=scientific-rigor
2026-05-30T04:59:13+08:00	memory=project_zar1l_brca2_asm_verification
2026-05-30T14:37:34+08:00	memory=project_zar1l_brca2_asm_verification
2026-05-30T15:14:41+08:00	memory=project_loh_constrained_phasing_discovery
2026-05-30T15:14:42+08:00	memory=project_loh_research_status
2026-05-30T15:33:02+08:00	skill=image-gen
2026-05-30T15:33:03+08:00	skill=image-vision-check
2026-05-30T15:34:56+08:00	skill=html-report-build
2026-05-30T15:52:05+08:00	memory=project_loh_constrained_phasing_discovery
2026-05-30T21:34:37+08:00	memory=project_O11_heterogeneity_negative
2026-05-30T21:34:38+08:00	memory=project_to_feature_deep_study
2026-05-31T16:22:46+08:00	memory=feedback_harness_restraint_over_adoption
2026-05-31T16:26:49+08:00	skill=run-evaluator
2026-05-31T16:26:50+08:00	skill=scientific-rigor
2026-05-31T16:26:51+08:00	skill=pre-decision-audit
2026-05-31T16:27:20+08:00	skill=pre-decision-audit
2026-05-31T16:27:21+08:00	skill=run-evaluator
