2026-07-01T01:31:50+08:00	memory=project_methylation_use_exhausted_bounded_auxiliary
2026-07-01T01:32:28+08:00	memory=reference_hp_tag_definition_and_subclone_caveat
2026-07-01T01:42:26+08:00	memory=project_canonical_ont_samples_inventory
2026-07-01T09:29:41+08:00	memory=project_topology_workstation_features_state
2026-07-01T09:29:50+08:00	memory=project_topology_workstation_features_state
2026-07-01T10:33:04+08:00	memory=project_ssnv_backbone_o2_and_correctness_fixes
2026-07-01T10:39:39+08:00	memory=project_ism_positioning_vs_prior_work
2026-07-01T10:39:40+08:00	memory=project_somatic_locus_methylation_combination_interpretation
2026-07-01T10:39:41+08:00	memory=project_ism_vs_external_methylation_tools_comparison
2026-07-01T23:37:00+08:00	skill=auc-confound-guard
2026-07-01T23:38:21+08:00	skill=html-report-build
2026-07-01T23:38:24+08:00	skill=report
2026-07-01T23:38:51+08:00	skill=scientific-rigor
2026-07-02T02:47:27+08:00	memory=project_ont_cnv_sv_subclone_verification_feasibility
2026-07-02T02:48:18+08:00	memory=project_canonical_ont_samples_inventory
2026-07-02T12:14:35+08:00	memory=reference_hcc1395_ont5khz_normal_bam_doubled
2026-07-02T12:14:36+08:00	memory=project_topology_workstation_features_state
2026-07-02T12:14:42+08:00	memory=project_ssnv_backbone_o2_and_correctness_fixes
2026-07-03T04:50:21+08:00	memory=project_ont_cnv_sv_subclone_verification_feasibility
2026-07-03T04:50:25+08:00	memory=project_asm_cn_confound_pilot
2026-07-03T04:50:25+08:00	memory=project_topology_workstation_features_state
2026-07-03T15:21:20+08:00	memory=project_self_phasing_causal_chain_confirmed
2026-07-03T16:06:03+08:00	memory=project_ont_cnv_sv_subclone_verification_feasibility
2026-07-03T16:07:35+08:00	memory=reference_hp_tag_definition_and_subclone_caveat
2026-07-04T00:27:13+08:00	memory=project_candidate_tree_ranking_impossible
2026-07-04T20:17:03+08:00	memory=project_methylation_use_exhausted_bounded_auxiliary
2026-07-05T05:58:28+08:00	memory=project_incompatible_reclassification_hidden_node_pairwise_fourgamete
2026-07-05T05:58:29+08:00	memory=project_candidate_tree_ranking_impossible
2026-07-05T05:58:30+08:00	memory=project_ssnv_backbone_o2_and_correctness_fixes
2026-07-05T05:58:31+08:00	memory=project_topology_workstation_features_state
2026-07-05T22:21:50+08:00	memory=project_ism_computational_complexity_positioning
2026-07-06T07:03:20+08:00	memory=project_topology_workstation_features_state
2026-07-06T11:05:23+08:00	memory=project_ism_computational_complexity_positioning
2026-07-07T05:00:49+08:00	memory=project_thesis_writing_architecture
2026-07-07T05:00:50+08:00	memory=project_subclonal_reconstruction_paper_focus
2026-07-07T05:33:54+08:00	memory=project_candidate_tree_ranking_impossible
2026-07-07T05:33:55+08:00	memory=project_clone_read_labeling_probabilistic_architecture
2026-07-07T05:33:56+08:00	memory=project_methyl_lineage_cn_gain_confound
2026-07-07T05:33:57+08:00	memory=project_layered_perHPfamily_tree_enumeration_solver
2026-07-09T14:27:16+08:00	memory=project_layered_perHPfamily_tree_enumeration_solver
2026-07-09T23:36:01+08:00	memory=project_layered_perHPfamily_tree_enumeration_solver
2026-07-10T15:49:53+08:00	memory=project_topology_workstation_features_state
2026-07-20T09:40:44+08:00	memory=project_methylation_use_exhausted_bounded_auxiliary
2026-07-20T09:40:45+08:00	memory=project_cn_confound_cooccurrence_backbone_methyl_subclone_limits
2026-07-27T00:09:14+08:00	memory=project_methyl_allele_axis_backbone_coenrichment_refuted
2026-07-27T00:13:50+08:00	memory=project_zar1l_brca2_asm_verification
2026-07-27T00:14:05+08:00	memory=project_methylation_use_exhausted_bounded_auxiliary
2026-07-29T09:12:04+08:00	memory=project_thesis_writing_architecture
2026-07-29T09:12:05+08:00	memory=project_subclonal_reconstruction_paper_focus
2026-07-29T09:12:05+08:00	memory=project_ism_positioning_vs_prior_work
2026-07-29T09:12:06+08:00	memory=project_clone_subclone_landscape_and_ism_feasibility
2026-07-29T09:12:10+08:00	memory=project_paper_claim_audit_consensus_base_2026_06_12
2026-07-29T09:12:11+08:00	memory=project_v3_defense_deck_audit_and_thesis_conversion
2026-07-29T09:12:11+08:00	skill=scientific-rigor
2026-07-29T09:12:14+08:00	memory=reference_slide_to_thesis_pdf_only_no_speaker_notes
2026-07-29T09:12:15+08:00	memory=project_read_af_filters_candidates_and_funnel_status_census
2026-07-29T09:12:16+08:00	memory=project_methylation_use_exhausted_bounded_auxiliary
2026-07-29T09:12:17+08:00	skill=doc-standards
2026-07-29T09:12:18+08:00	skill=citation-verification
2026-07-29T09:12:18+08:00	skill=pipeline-manifest
2026-07-29T09:12:19+08:00	memory=feedback_no_fabricated_numbers_in_reports
2026-07-29T09:12:20+08:00	memory=feedback_reports_need_layered_disclosure
2026-07-29T09:12:21+08:00	memory=feedback_paper_positioning_de_prioritized
2026-07-29T09:12:39+08:00	memory=reference_slide_to_thesis_pdf_only_no_speaker_notes
2026-07-29T09:12:45+08:00	skill=validation-protocol
2026-07-29T09:12:58+08:00	skill=slide-to-thesis
2026-07-29T09:13:16+08:00	skill=slide-to-thesis
2026-07-29T12:55:48+08:00	memory=project_read_af_filters_candidates_and_funnel_status_census
