2026-06-01T01:06:22+08:00	skill=known-pitfalls
2026-06-01T03:57:08+08:00	memory=feedback_no_fabricated_numbers_in_reports
2026-06-01T17:42:41+08:00	skill=pipeline-manifest
2026-06-01T17:42:41+08:00	skill=verification-loop
2026-06-02T04:44:05+08:00	memory=feedback_asm_allele_axis_baseline_confound
2026-06-02T04:44:09+08:00	memory=reference_msa_vs_ism_tool
2026-06-02T04:44:12+08:00	memory=project_zar1l_brca2_asm_verification
2026-06-02T20:22:08+08:00	skill=known-pitfalls
2026-06-02T20:22:09+08:00	skill=cpp-change
2026-06-02T20:22:42+08:00	skill=cpp-change
2026-06-02T20:22:42+08:00	skill=cpp-change
2026-06-02T20:35:52+08:00	skill=pre-decision-audit
2026-06-02T20:35:53+08:00	skill=citation-verification
2026-06-02T20:35:54+08:00	skill=inject-hypothesis
2026-06-02T22:24:44+08:00	memory=project_goal_landscape_g6_pivot_2026_05_29
2026-06-02T22:24:44+08:00	memory=project_research_vision_five_goals
2026-06-02T22:29:03+08:00	skill=html-report-build
2026-06-02T22:39:54+08:00	skill=research-dashboard
2026-06-02T22:39:54+08:00	skill=cycle-state
2026-06-03T05:46:34+08:00	memory=project_p4_target3_depends_on_target1
2026-06-03T05:46:34+08:00	memory=project_research_vision_five_goals
2026-06-03T05:46:34+08:00	memory=reference_msa_vs_ism_tool
2026-06-03T05:46:34+08:00	memory=project_read_level_germline_fp
2026-06-03T05:46:35+08:00	memory=project_snv_methylation_association
2026-06-03T05:46:39+08:00	memory=project_asm_cn_confound_pilot
2026-06-03T05:46:39+08:00	memory=project_loh_constrained_phasing_discovery
2026-06-03T05:46:40+08:00	memory=project_zar1l_brca2_asm_verification
2026-06-03T05:46:40+08:00	memory=project_cross_sample_asm_reproducibility
2026-06-03T05:46:41+08:00	memory=feedback_asm_allele_axis_baseline_confound
2026-06-03T05:46:41+08:00	memory=project_phase2_cycle1_global_fp_filter
2026-06-03T05:46:42+08:00	memory=project_methyl_filter_pilot_marginal_positive
2026-06-03T05:46:42+08:00	memory=project_germline_fp_identification_nogo
2026-06-03T05:47:27+08:00	memory=project_asm_cn_confound_pilot
2026-06-03T05:47:36+08:00	memory=project_p4_target3_depends_on_target1
2026-06-03T05:47:40+08:00	memory=project_research_vision_five_goals
2026-06-03T05:47:54+08:00	memory=reference_msa_vs_ism_tool
2026-06-03T05:48:02+08:00	memory=project_phase2_cycle1_global_fp_filter
2026-06-03T05:48:06+08:00	memory=project_methyl_filter_pilot_marginal_positive
2026-06-03T05:48:10+08:00	memory=project_germline_fp_identification_nogo
2026-06-03T05:48:11+08:00	memory=project_phase2_cycle1_global_fp_filter
2026-06-03T05:48:12+08:00	memory=feedback_asm_allele_axis_baseline_confound
2026-06-03T05:48:13+08:00	memory=project_cross_sample_asm_reproducibility
2026-06-03T05:48:19+08:00	memory=project_paired_f1_filter_abandoned
2026-06-03T06:25:51+08:00	skill=memory-consolidation
2026-06-03T07:07:39+08:00	memory=project_g6_paper_framing_external_corroboration
2026-06-03T19:13:45+08:00	memory=project_ism_af_discriminability
2026-06-03T19:13:46+08:00	memory=project_to_feature_deep_study
2026-06-03T19:13:46+08:00	memory=project_snv_methylation_association
2026-06-03T19:13:51+08:00	memory=project_beyond_auc_exhaustion_confirmed
2026-06-03T19:13:52+08:00	memory=project_O12_loh_methylation_scenarios
2026-06-03T19:13:53+08:00	memory=project_O13_cross_region_negative
2026-06-03T19:13:53+08:00	memory=project_zar1l_brca2_asm_verification
2026-06-03T19:13:54+08:00	memory=feedback_asm_allele_axis_baseline_confound
2026-06-03T19:14:51+08:00	memory=project_r1_global_sample_asm_negative
2026-06-04T12:42:17+08:00	memory=project_ism_complete_tpfpfn_existence_cis
2026-06-05T02:24:49+08:00	skill=image-gen
2026-06-05T02:24:49+08:00	skill=image-vision-check
2026-06-05T02:27:39+08:00	skill=image-gen
2026-06-05T02:27:39+08:00	skill=image-vision-check
2026-06-05T02:27:50+08:00	skill=html-report-build
2026-06-07T17:38:33+08:00	skill=methods-example
2026-06-08T02:42:41+08:00	memory=project_g6_paper_framing_external_corroboration
2026-06-09T18:59:57+08:00	skill=run-evaluator
2026-06-09T20:14:17+08:00	memory=feedback_git_branch_commit_governance
2026-06-09T22:30:24+08:00	memory=project_asm_cn_confound_pilot
2026-06-09T22:31:37+08:00	memory=project_zar1l_brca2_asm_verification
2026-06-09T22:33:49+08:00	memory=project_methyl_phasing_assist_line
2026-06-09T22:35:33+08:00	memory=project_phase2_cycle1_global_fp_filter
2026-06-09T23:03:53+08:00	memory=project_methyl_phasing_assist_line
2026-06-09T23:33:55+08:00	memory=feedback_outside_claim_must_query_kb
2026-06-09T23:33:56+08:00	memory=feedback_observation_scope_default_comprehensive
2026-06-10T00:26:21+08:00	memory=project_O11_heterogeneity_negative
2026-06-10T03:44:53+08:00	memory=project_research_vision_five_goals
2026-06-10T04:04:03+08:00	skill=html-report-build
2026-06-10T04:04:36+08:00	skill=weekly-report
2026-06-10T04:04:45+08:00	skill=feature-layered-observation
2026-06-10T04:04:56+08:00	skill=structured-tech-report
2026-06-10T05:53:41+08:00	skill=infra-ops
2026-06-10T05:53:42+08:00	skill=methodology-audit
2026-06-10T13:52:16+08:00	memory=project_code_methodology_audit_2026_06_10
2026-06-10T14:18:10+08:00	memory=project_zar1l_brca2_asm_verification
2026-06-10T14:18:10+08:00	memory=project_ism_vs_external_methylation_tools_comparison
2026-06-10T14:18:11+08:00	memory=project_phase2_cycle1_global_fp_filter
2026-06-10T14:18:11+08:00	memory=project_cross_sample_asm_reproducibility
2026-06-10T14:18:11+08:00	memory=project_methyl_phasing_assist_line
2026-06-10T14:18:11+08:00	memory=project_asm_locus_display_and_cramersv_reliability_gate
2026-06-10T14:18:12+08:00	memory=project_methyl_filter_pilot_marginal_positive
2026-06-10T14:18:12+08:00	memory=project_ism_complete_tpfpfn_existence_cis
2026-06-10T14:18:12+08:00	memory=project_code_methodology_audit_2026_06_10
2026-06-10T14:18:12+08:00	memory=project_loh_constrained_phasing_discovery
2026-06-10T14:18:12+08:00	memory=project_goal_landscape_g6_pivot_2026_05_29
2026-06-10T14:18:12+08:00	memory=project_g6_paper_framing_external_corroboration
2026-06-10T14:18:13+08:00	memory=project_asm_cn_confound_pilot
2026-06-10T14:18:14+08:00	memory=project_g6_paper_framing_external_corroboration
2026-06-10T14:18:14+08:00	memory=reference_msa_vs_ism_tool
2026-06-10T14:18:15+08:00	memory=feedback_asm_allele_axis_baseline_confound
2026-06-10T20:19:13+08:00	memory=project_ism_vs_external_methylation_tools_comparison
2026-06-10T20:19:13+08:00	memory=project_ism_complete_tpfpfn_existence_cis
2026-06-10T20:19:14+08:00	memory=reference_msa_vs_ism_tool
2026-06-10T20:19:14+08:00	memory=project_zar1l_brca2_asm_verification
2026-06-10T20:19:15+08:00	memory=project_cross_sample_asm_reproducibility
2026-06-10T20:19:16+08:00	memory=project_asm_cn_confound_pilot
2026-06-10T20:19:20+08:00	memory=project_methyl_phasing_assist_line
2026-06-10T20:19:20+08:00	memory=project_phase2_cycle1_global_fp_filter
2026-06-10T20:19:21+08:00	memory=project_code_methodology_audit_2026_06_10
2026-06-10T20:19:22+08:00	memory=project_asm_locus_display_and_cramersv_reliability_gate
2026-06-10T20:19:22+08:00	memory=project_loh_constrained_phasing_discovery
2026-06-11T14:28:32+08:00	memory=project_g6_paper_framing_external_corroboration
2026-06-11T14:28:33+08:00	memory=project_ism_vs_external_methylation_tools_comparison
2026-06-11T14:51:19+08:00	memory=project_phase2_cycle1_global_fp_filter
2026-06-11T14:51:20+08:00	memory=project_ism_complete_tpfpfn_existence_cis
2026-06-11T14:51:20+08:00	memory=project_read_level_germline_fp
2026-06-11T14:55:04+08:00	memory=project_read_level_germline_fp
2026-06-11T14:57:17+08:00	memory=project_ism_complete_tpfpfn_existence_cis
2026-06-11T21:59:42+08:00	memory=feedback_task_first_then_doc_then_plan
2026-06-11T22:07:57+08:00	memory=project_phase2_cycle1_global_fp_filter
2026-06-11T22:07:58+08:00	memory=project_methyl_filter_pilot_marginal_positive
2026-06-11T22:08:03+08:00	memory=project_read_level_germline_fp
2026-06-11T22:08:04+08:00	memory=project_ism_complete_tpfpfn_existence_cis
2026-06-11T22:10:00+08:00	memory=project_loh_constrained_phasing_discovery
2026-06-11T22:10:01+08:00	memory=project_zar1l_brca2_asm_verification
2026-06-11T22:10:01+08:00	memory=project_ism_complete_tpfpfn_existence_cis
2026-06-11T22:10:05+08:00	memory=project_cross_sample_asm_reproducibility
2026-06-11T22:10:06+08:00	memory=project_methyl_phasing_assist_line
2026-06-12T01:14:45+08:00	skill=known-pitfalls
2026-06-12T01:30:48+08:00	skill=known-pitfalls
2026-06-12T01:30:49+08:00	skill=doc-standards
2026-06-12T02:37:40+08:00	skill=doc-standards
2026-06-12T02:49:30+08:00	skill=scientific-rigor
2026-06-12T02:50:05+08:00	skill=feature-layered-observation
2026-06-12T03:27:15+08:00	memory=project_loh_constrained_phasing_discovery
2026-06-12T03:27:15+08:00	memory=project_code_methodology_audit_2026_06_10
2026-06-12T03:27:15+08:00	memory=project_zar1l_brca2_asm_verification
2026-06-12T03:27:15+08:00	memory=project_self_phasing_causal_chain_confirmed
2026-06-12T03:27:15+08:00	memory=project_cross_sample_asm_reproducibility
2026-06-12T03:27:16+08:00	memory=project_ism_complete_tpfpfn_existence_cis
2026-06-12T03:27:16+08:00	memory=project_methyl_phasing_assist_line
2026-06-12T03:27:16+08:00	memory=project_hpfinengroups_subclone_marker
2026-06-12T03:27:16+08:00	memory=project_g6_paper_framing_external_corroboration
2026-06-12T03:27:16+08:00	memory=project_asm_cn_confound_pilot
2026-06-12T03:27:17+08:00	memory=feedback_asm_allele_axis_baseline_confound
2026-06-12T03:27:17+08:00	memory=project_asm_locus_display_and_cramersv_reliability_gate
2026-06-12T03:27:20+08:00	memory=project_phase2_cycle1_global_fp_filter
2026-06-12T03:27:21+08:00	memory=project_methyl_filter_pilot_marginal_positive
2026-06-12T03:27:21+08:00	memory=project_read_level_germline_fp
2026-06-12T03:27:21+08:00	memory=project_zone_aware_framework
2026-06-12T03:27:30+08:00	memory=project_subclonal_reconstruction_paper_focus
2026-06-12T03:27:31+08:00	memory=reference_msa_vs_ism_tool
2026-06-12T03:27:31+08:00	memory=project_ism_vs_external_methylation_tools_comparison
2026-06-12T16:10:10+08:00	memory=project_paper_claim_audit_consensus_base_2026_06_12
2026-06-12T20:11:24+08:00	memory=project_ism_vs_external_methylation_tools_comparison
2026-06-12T20:12:32+08:00	memory=feedback_task_first_then_doc_then_plan
2026-06-12T20:12:33+08:00	memory=feedback_observation_scope_default_comprehensive
2026-06-13T00:22:03+08:00	memory=project_ism_complete_tpfpfn_existence_cis
2026-06-13T00:22:04+08:00	memory=project_methyl_filter_pilot_marginal_positive
2026-06-13T00:31:47+08:00	memory=project_ism_complete_tpfpfn_existence_cis
2026-06-13T00:31:48+08:00	memory=project_methyl_filter_pilot_marginal_positive
2026-06-13T00:31:48+08:00	memory=project_zar1l_brca2_asm_verification
2026-06-13T19:05:47+08:00	memory=project_external_validation_library
2026-06-13T19:05:48+08:00	memory=project_ism_vs_external_methylation_tools_comparison
2026-06-14T17:48:23+08:00	memory=project_methyl_phasing_assist_line
2026-06-14T17:55:25+08:00	memory=project_ism_sampling_layer_review
2026-06-14T20:50:11+08:00	memory=project_thesis_writing_architecture
2026-06-14T23:12:15+08:00	memory=project_external_validation_library
2026-06-14T23:39:23+08:00	memory=project_external_validation_library
2026-06-15T01:15:21+08:00	memory=project_external_validation_library
2026-06-15T05:51:50+08:00	memory=project_chr2_18m_subclone_locus_verification
2026-06-15T05:51:51+08:00	memory=project_subclonal_reconstruction_paper_focus
2026-06-15T15:20:46+08:00	memory=project_chr2_18m_subclone_locus_verification
2026-06-15T16:56:50+08:00	memory=project_chr2_18m_subclone_locus_verification
2026-06-15T19:09:54+08:00	memory=project_ism_sampling_layer_review
2026-06-15T19:10:17+08:00	memory=feedback_html_for_conclusions_md_for_final_check
2026-06-15T19:24:36+08:00	skill=conclude-research
2026-06-15T19:24:37+08:00	skill=html-report-build
2026-06-15T19:25:36+08:00	skill=results-report
2026-06-15T19:46:20+08:00	memory=project_chr2_18m_subclone_locus_verification
2026-06-15T19:53:09+08:00	memory=project_external_validation_library
2026-06-15T20:36:31+08:00	memory=project_chr2_18m_subclone_locus_verification
2026-06-15T21:50:42+08:00	memory=project_asm_locus_display_and_cramersv_reliability_gate
2026-06-15T21:52:36+08:00	skill=feature-layered-observation
2026-06-15T21:52:37+08:00	skill=research-dashboard
2026-06-15T21:52:38+08:00	skill=data-audit
2026-06-15T21:52:38+08:00	skill=methods-example
2026-06-15T21:52:39+08:00	skill=html-report-build
2026-06-15T21:52:39+08:00	skill=results-report
2026-06-16T02:39:07+08:00	memory=project_asm_locus_display_and_cramersv_reliability_gate
2026-06-16T02:39:08+08:00	memory=project_ism_sampling_layer_review
2026-06-16T02:39:09+08:00	memory=project_ism_vs_external_methylation_tools_comparison
2026-06-16T02:39:09+08:00	memory=project_code_methodology_audit_2026_06_10
2026-06-16T03:21:58+08:00	memory=project_asm_locus_display_and_cramersv_reliability_gate
2026-06-16T03:38:57+08:00	skill=verify-workstation
2026-06-16T04:49:20+08:00	memory=project_ism_verdict_false_negative_audit_2026_06_16
2026-06-16T18:30:12+08:00	memory=project_loop_engineering_harness_review
2026-06-16T18:30:12+08:00	memory=feedback_harness_restraint_over_adoption
2026-06-16T18:31:04+08:00	skill=cycle-init
2026-06-16T18:31:05+08:00	skill=research-loop
2026-06-16T18:31:05+08:00	skill=check-staleness
2026-06-16T18:31:05+08:00	skill=feature-layered-observation
2026-06-16T18:31:06+08:00	skill=multi-sample-consistency
2026-06-16T18:31:06+08:00	skill=run-evaluator
2026-06-16T18:31:06+08:00	skill=conclude-research
2026-06-16T18:31:16+08:00	skill=harness-health
2026-06-16T18:31:16+08:00	skill=cycle-state
2026-06-16T18:31:20+08:00	skill=pre-decision-audit
2026-06-17T01:20:07+08:00	memory=project_methyl_phasing_assist_line
2026-06-17T01:20:08+08:00	memory=project_ism_complete_tpfpfn_existence_cis
2026-06-17T01:20:09+08:00	memory=feedback_asm_allele_axis_baseline_confound
2026-06-17T01:20:10+08:00	memory=project_paper_claim_audit_consensus_base_2026_06_12
2026-06-17T01:20:10+08:00	memory=project_subclonal_reconstruction_paper_focus
2026-06-17T03:20:02+08:00	skill=data-audit
2026-06-17T03:20:03+08:00	skill=pipeline-manifest
2026-06-17T03:20:23+08:00	memory=project_tumor_only_axis_negative_subclone_classification
2026-06-17T03:20:59+08:00	skill=pipeline-manifest
2026-06-17T03:23:40+08:00	skill=doc-standards
2026-06-17T04:08:46+08:00	memory=project_chr2_18m_subclone_locus_verification
2026-06-17T04:08:47+08:00	memory=project_hcc1395_chr2_18M_subclone_external_validation
2026-06-17T23:38:45+08:00	skill=html-report-build
2026-06-17T23:39:00+08:00	skill=methods-example
2026-06-18T00:57:43+08:00	memory=project_cluster_label_alignment_readset_paired
2026-06-18T02:32:11+08:00	memory=project_apriori_subclone_classification_model
2026-06-18T02:32:12+08:00	memory=project_tumor_only_axis_negative_subclone_classification
2026-06-18T02:32:13+08:00	memory=project_cluster_label_alignment_readset_paired
2026-06-18T03:19:56+08:00	memory=project_tumor_only_axis_negative_subclone_classification
2026-06-18T03:48:24+08:00	memory=project_ism_vs_external_methylation_tools_comparison
2026-06-18T03:48:30+08:00	memory=project_subclonal_reconstruction_paper_focus
2026-06-18T04:31:54+08:00	memory=project_tumor_only_axis_negative_subclone_classification
2026-06-18T04:58:39+08:00	memory=project_tumor_only_axis_negative_subclone_classification
2026-06-18T11:27:39+08:00	memory=project_tumor_only_axis_negative_subclone_classification
2026-06-18T21:09:45+08:00	memory=feedback_ism_case_heatmap_standard_sidebars
2026-06-18T21:11:56+08:00	memory=project_subcluster_cluster_count_determination
2026-06-19T14:00:09+08:00	memory=project_ism_complete_tpfpfn_existence_cis
2026-06-19T14:00:39+08:00	memory=project_cross_sample_asm_reproducibility
2026-06-19T14:05:58+08:00	memory=project_ism_complete_tpfpfn_existence_cis
2026-06-19T21:34:33+08:00	memory=project_apriori_subclone_classification_model
2026-06-19T21:34:34+08:00	memory=project_tumor_only_axis_negative_subclone_classification
2026-06-19T21:34:34+08:00	memory=project_ism_verdict_false_negative_audit_2026_06_16
2026-06-19T21:34:39+08:00	memory=project_chr2_18m_subclone_locus_verification
2026-06-19T21:34:40+08:00	memory=project_subclonal_reconstruction_paper_focus
2026-06-19T21:34:44+08:00	memory=project_ism_complete_tpfpfn_existence_cis
2026-06-19T21:34:46+08:00	memory=feedback_asm_allele_axis_baseline_confound
2026-06-19T21:34:50+08:00	memory=reference_msa_vs_ism_tool
2026-06-19T21:34:51+08:00	memory=project_ism_sampling_layer_review
2026-06-19T21:55:13+08:00	skill=cycle-init
2026-06-19T21:55:13+08:00	skill=cycle-state
2026-06-19T21:55:24+08:00	skill=pipeline-manifest
2026-06-19T21:55:24+08:00	skill=research-dashboard
2026-06-19T21:55:25+08:00	memory=project_loop_engineering_harness_review
2026-06-19T21:55:25+08:00	memory=feedback_harness_restraint_over_adoption
2026-06-19T21:55:25+08:00	memory=feedback_git_branch_commit_governance
2026-06-19T22:33:05+08:00	memory=feedback_ism_case_heatmap_standard_sidebars
2026-06-19T22:57:49+08:00	memory=project_ism_verdict_false_negative_audit_2026_06_16
2026-06-20T00:49:55+08:00	skill=task-graph
2026-06-20T01:20:12+08:00	skill=run-evaluator
2026-06-20T01:20:12+08:00	skill=cycle-init
2026-06-20T01:20:15+08:00	skill=verification-loop
2026-06-20T01:20:16+08:00	skill=structured-tech-report
2026-06-20T01:28:41+08:00	memory=project_cluster_label_alignment_readset_paired
2026-06-20T01:28:42+08:00	memory=project_tumor_only_axis_negative_subclone_classification
2026-06-20T01:28:43+08:00	memory=project_subcluster_cluster_count_determination
2026-06-20T01:33:37+08:00	memory=feedback_observation_scope_default_comprehensive
2026-06-20T01:33:38+08:00	memory=feedback_task_first_then_doc_then_plan
2026-06-20T01:33:40+08:00	memory=project_subcluster_cluster_count_determination
2026-06-20T01:33:40+08:00	memory=project_tumor_only_axis_negative_subclone_classification
2026-06-20T01:33:55+08:00	memory=project_apriori_subclone_classification_model
2026-06-20T01:33:56+08:00	memory=project_cluster_label_alignment_readset_paired
2026-06-20T01:33:57+08:00	memory=project_chr2_18m_subclone_locus_verification
2026-06-20T01:33:57+08:00	memory=project_hcc1395_chr8_hotspot
2026-06-20T01:39:39+08:00	memory=project_tumor_only_axis_negative_subclone_classification
2026-06-20T01:39:47+08:00	memory=project_apriori_subclone_classification_model
2026-06-20T01:45:40+08:00	memory=project_subcluster_cluster_count_determination
2026-06-20T01:45:44+08:00	memory=project_tumor_only_axis_negative_subclone_classification
2026-06-20T01:45:56+08:00	memory=project_chr2_18m_subclone_locus_verification
2026-06-20T01:46:22+08:00	memory=project_subclone_snv_difficulty_methylation_framework
2026-06-20T01:58:10+08:00	memory=project_subclonal_reconstruction_paper_focus
2026-06-20T01:58:10+08:00	memory=project_thesis_writing_architecture
2026-06-20T05:01:37+08:00	memory=project_subclonal_reconstruction_paper_focus
2026-06-20T05:01:37+08:00	memory=project_thesis_writing_architecture
2026-06-20T05:01:43+08:00	memory=project_thesis_writing_architecture
2026-06-20T05:28:39+08:00	memory=project_subclonal_reconstruction_paper_focus
2026-06-20T05:28:45+08:00	memory=project_thesis_writing_architecture
2026-06-20T05:28:45+08:00	memory=project_thesis_writing_architecture
2026-06-20T05:28:46+08:00	memory=project_new_data_integrity_audit_2026_06_17
2026-06-20T05:28:46+08:00	memory=project_subclonal_reconstruction_paper_focus
2026-06-20T05:28:46+08:00	memory=project_thesis_writing_architecture
2026-06-20T05:28:51+08:00	memory=project_chr2_18m_subclone_locus_verification
2026-06-20T05:28:52+08:00	memory=feedback_tmp_disk_full_pipeline_pitfall
2026-06-20T05:28:52+08:00	memory=project_subclone_snv_difficulty_methylation_framework
2026-06-20T05:28:52+08:00	memory=project_subclone_situation_verification_methods
2026-06-20T05:28:52+08:00	memory=project_apriori_subclone_classification_model
2026-06-20T05:28:53+08:00	memory=project_disk_cleanup_2026_06_01
2026-06-20T05:28:53+08:00	memory=project_normal_bam_progressive_copy
2026-06-20T05:28:58+08:00	memory=project_code_methodology_audit_2026_06_10
2026-06-20T05:28:59+08:00	memory=project_ism_sampling_layer_review
2026-06-20T05:29:00+08:00	skill=pipeline-manifest
2026-06-20T05:29:00+08:00	memory=project_thesis_writing_architecture
2026-06-20T05:29:02+08:00	memory=project_subcluster_cluster_count_determination
2026-06-20T05:29:04+08:00	memory=project_somatic_locus_methylation_combination_interpretation
2026-06-20T05:29:05+08:00	memory=project_subclonal_reconstruction_paper_focus
2026-06-20T05:29:06+08:00	memory=project_subcluster_cluster_count_determination
2026-06-20T05:29:07+08:00	memory=project_methyl_phasing_assist_line
2026-06-20T05:29:25+08:00	memory=project_ism_vs_external_methylation_tools_comparison
2026-06-20T05:29:26+08:00	memory=project_six_sample_clone_subclone_external_truth
2026-06-20T19:38:42+08:00	memory=project_tumor_only_axis_negative_subclone_classification
2026-06-20T21:43:02+08:00	memory=project_ont_cnv_sv_subclone_verification_feasibility
2026-06-20T23:44:20+08:00	memory=project_ism_vs_external_methylation_tools_comparison
2026-06-21T00:15:41+08:00	memory=project_subclonal_reconstruction_paper_focus
2026-06-21T00:15:42+08:00	memory=project_thesis_writing_architecture
2026-06-21T01:10:07+08:00	memory=project_ism_method_soundness_validation
2026-06-21T01:57:04+08:00	memory=project_subclone_situation_verification_methods
2026-06-21T03:00:04+08:00	memory=project_chr2_18m_subclone_locus_verification
2026-06-21T03:00:04+08:00	memory=project_tumor_only_axis_negative_subclone_classification
2026-06-21T03:00:09+08:00	memory=project_apriori_subclone_classification_model
2026-06-21T03:00:10+08:00	memory=project_cross_sample_asm_reproducibility
2026-06-21T03:00:16+08:00	memory=project_methyl_phasing_assist_line
2026-06-21T06:51:33+08:00	memory=project_ont_cnv_sv_subclone_verification_feasibility
2026-06-21T12:13:30+08:00	memory=project_ont_cnv_sv_subclone_verification_feasibility
2026-06-21T15:15:26+08:00	memory=project_allsample_subcluster_split_accounting
2026-06-21T15:15:26+08:00	memory=project_decisionflow_5state_classification_wg
2026-06-21T15:15:27+08:00	memory=project_subclone_confirmation_construction_ont_transferability
2026-06-21T15:15:27+08:00	memory=project_clone_subclone_landscape_and_ism_feasibility
2026-06-21T15:15:28+08:00	memory=project_ont_cnv_sv_subclone_verification_feasibility
2026-06-21T15:15:28+08:00	memory=project_subclone_situation_verification_methods
2026-06-21T15:15:29+08:00	memory=project_somatic_locus_methylation_combination_interpretation
2026-06-21T15:15:29+08:00	memory=project_apriori_subclone_classification_model
2026-06-21T15:38:21+08:00	memory=project_ont_cnv_sv_subclone_verification_feasibility
2026-06-21T16:53:00+08:00	memory=project_subclone_situation_verification_methods
2026-06-22T01:32:10+08:00	memory=project_subclone_situation_verification_methods
2026-06-22T01:32:10+08:00	memory=project_somatic_locus_methylation_combination_interpretation
2026-06-22T01:32:11+08:00	memory=project_ism_verdict_false_negative_audit_2026_06_16
2026-06-22T08:33:29+08:00	memory=project_ont_cnv_sv_subclone_verification_feasibility
2026-06-22T18:48:15+08:00	memory=project_phylo_subcluster_labeling_doubledip_fix
2026-06-22T19:37:15+08:00	memory=project_phylo_subcluster_labeling_doubledip_fix
2026-06-23T11:22:04+08:00	memory=project_phylo_subcluster_labeling_doubledip_fix
2026-06-23T12:10:07+08:00	memory=feedback_no_fabricated_numbers_in_reports
2026-06-23T12:10:09+08:00	memory=feedback_baseline_dependence_not_result
2026-06-23T12:10:38+08:00	skill=html-report-build
2026-06-23T12:10:40+08:00	skill=verify-workstation
2026-06-23T12:16:01+08:00	memory=feedback_ism_case_heatmap_standard_sidebars
2026-06-23T12:37:09+08:00	memory=feedback_review_format_html_ask_md
2026-06-23T12:37:36+08:00	memory=feedback_html_for_conclusions_md_for_final_check
2026-06-23T12:37:55+08:00	memory=project_tumor_only_axis_negative_subclone_classification
2026-06-23T18:27:03+08:00	skill=verify-workstation
2026-06-23T18:27:07+08:00	skill=methods-example
2026-06-23T19:30:45+08:00	memory=project_chr2_18m_subclone_locus_verification
2026-06-23T19:30:46+08:00	memory=project_hcc1395_chr2_18M_subclone_external_validation
2026-06-24T05:02:29+08:00	memory=project_subclone_snv_difficulty_methylation_framework
2026-06-24T05:02:32+08:00	memory=project_distance_matrix_cluster_validation_methods
2026-06-24T05:02:36+08:00	memory=project_ism_method_soundness_validation
2026-06-24T05:02:39+08:00	memory=project_external_validation_library
2026-06-24T05:02:46+08:00	memory=project_ism_sampling_layer_review
2026-06-25T00:51:51+08:00	skill=cpp-change
2026-06-25T00:53:13+08:00	skill=methodology-audit
2026-06-25T00:53:17+08:00	skill=verification-loop
2026-06-25T00:53:20+08:00	skill=cpp-change
2026-06-25T00:53:23+08:00	skill=scientific-rigor
2026-06-25T00:53:53+08:00	skill=harness-health
2026-06-25T02:51:09+08:00	skill=cycle-state
2026-06-25T22:55:45+08:00	memory=project_chr2_18m_subclone_locus_verification
2026-06-26T17:46:25+08:00	memory=project_loop_engineering_harness_review
2026-06-26T18:23:10+08:00	memory=project_subclone_snv_linkage_verification_pipeline
2026-06-27T00:19:12+08:00	memory=project_subclonal_reconstruction_paper_focus
2026-06-27T04:13:30+08:00	memory=project_clone_subclone_integrated_report_finalized
2026-06-27T15:00:39+08:00	memory=project_methyl_phasing_assist_line
2026-06-27T15:00:39+08:00	memory=project_zar1l_brca2_asm_verification
2026-06-27T15:00:40+08:00	memory=project_subcluster_cluster_count_determination
2026-06-27T15:00:40+08:00	memory=feedback_baseline_dependence_not_result
2026-06-27T15:00:40+08:00	memory=project_cross_sample_asm_reproducibility
2026-06-27T15:00:40+08:00	memory=project_paper_claim_audit_consensus_base_2026_06_12
2026-06-27T15:00:41+08:00	memory=project_apriori_subclone_classification_model
2026-06-27T15:00:41+08:00	memory=project_chr2_18m_subclone_locus_verification
2026-06-27T15:00:41+08:00	memory=project_ism_complete_tpfpfn_existence_cis
2026-06-27T15:00:42+08:00	memory=project_asm_cn_confound_pilot
2026-06-27T15:00:42+08:00	memory=project_tumor_only_axis_negative_subclone_classification
2026-06-27T15:00:43+08:00	memory=project_somatic_locus_methylation_combination_interpretation
2026-06-27T17:11:31+08:00	memory=project_subclone_snv_linkage_verification_pipeline
2026-06-27T17:45:18+08:00	memory=feedback_git_branch_commit_governance
2026-06-28T05:55:38+08:00	memory=project_subclone_snv_linkage_verification_pipeline
2026-06-28T19:55:26+08:00	memory=project_subclone_snv_linkage_verification_pipeline
2026-06-28T22:08:33+08:00	memory=feedback_baseline_dependence_not_result
2026-06-29T19:16:12+08:00	memory=project_canonical_ont_samples_inventory
2026-06-29T21:19:01+08:00	memory=project_zar1l_brca2_asm_verification
2026-06-29T21:19:02+08:00	memory=project_subclone_snv_linkage_verification_pipeline
2026-06-29T22:57:19+08:00	memory=feedback_feature_name_vs_definition_rule
2026-06-29T23:40:17+08:00	memory=project_methylation_use_exhausted_bounded_auxiliary
2026-06-29T23:40:23+08:00	memory=project_subclone_snv_linkage_verification_pipeline
2026-06-30T00:30:41+08:00	skill=methods-example
2026-06-30T05:22:27+08:00	memory=project_subclone_confirmation_construction_ont_transferability
2026-06-30T05:22:28+08:00	memory=project_canonical_ont_samples_inventory
2026-06-30T05:25:01+08:00	memory=project_six_sample_clone_subclone_external_truth
2026-06-30T05:25:02+08:00	memory=project_hcc1395_chr2_18M_subclone_external_validation
