2026-06-01T16:50:41+08:00	B (Comprehensive validation)	完整驗證
2026-06-01T17:07:59+08:00	D (Handoff to external)	hku
2026-06-01T21:12:57+08:00	E (Hotfix / Bugfix)	排除
2026-06-02T18:53:53+08:00	E (Hotfix / Bugfix)	regress
2026-06-02T22:34:36+08:00	A (Exploratory pilot)	pilot
2026-06-02T22:38:14+08:00	A (Exploratory pilot)	PILOT
2026-06-02T22:38:33+08:00	A (Exploratory pilot)	pilot
2026-06-02T23:23:42+08:00	E (Hotfix / Bugfix)	排除
2026-06-03T01:43:53+08:00	A (Exploratory pilot)	探索
2026-06-03T03:28:25+08:00	A (Exploratory pilot)	pilot
2026-06-03T05:40:15+08:00	A (Exploratory pilot)	快速驗證
2026-06-03T05:50:36+08:00	D (Handoff to external)	HKU
2026-06-03T05:55:21+08:00	F (Demo / Illustration)	教學
2026-06-03T06:10:01+08:00	D (Handoff to external)	HKU
2026-06-03T06:25:31+08:00	E (Hotfix / Bugfix)	排除
2026-06-03T06:31:41+08:00	A (Exploratory pilot)	先看
2026-06-03T06:36:41+08:00	A (Exploratory pilot)	pilot
2026-06-03T06:37:13+08:00	D (Handoff to external)	external
2026-06-03T08:01:59+08:00	D (Handoff to external)	HKU
2026-06-03T08:02:36+08:00	A (Exploratory pilot)	探索
2026-06-03T13:00:29+08:00	D (Handoff to external)	HKU
2026-06-03T13:01:41+08:00	A (Exploratory pilot)	pilot
2026-06-03T14:26:02+08:00	E (Hotfix / Bugfix)	排除
2026-06-03T19:17:01+08:00	E (Hotfix / Bugfix)	排除
2026-06-04T02:52:06+08:00	D (Handoff to external)	HKU
2026-06-04T04:25:54+08:00	E (Hotfix / Bugfix)	排除
2026-06-04T06:14:11+08:00	F (Demo / Illustration)	示意
2026-06-04T12:08:54+08:00	A (Exploratory pilot)	快速驗證
2026-06-04T12:40:06+08:00	E (Hotfix / Bugfix)	排除
2026-06-05T02:36:37+08:00	D (Handoff to external)	對外
2026-06-05T04:21:02+08:00	D (Handoff to external)	external
2026-06-07T01:50:42+08:00	F (Demo / Illustration)	範例
2026-06-07T01:56:13+08:00	B (Comprehensive validation)	完整驗證
2026-06-07T01:59:25+08:00	B (Comprehensive validation)	完整驗證
2026-06-07T02:09:07+08:00	D (Handoff to external)	交付
2026-06-07T02:14:08+08:00	E (Hotfix / Bugfix)	排除
2026-06-07T17:35:36+08:00	F (Demo / Illustration)	示意
2026-06-07T17:45:14+08:00	A (Exploratory pilot)	pilot
2026-06-08T02:32:19+08:00	D (Handoff to external)	external
2026-06-09T03:08:06+08:00	F (Demo / Illustration)	show
2026-06-09T03:23:39+08:00	F (Demo / Illustration)	show
2026-06-09T15:35:13+08:00	E (Hotfix / Bugfix)	排除
2026-06-09T18:51:44+08:00	E (Hotfix / Bugfix)	排除
2026-06-09T19:08:11+08:00	C (Production deployment)	production
2026-06-09T19:54:46+08:00	D (Handoff to external)	交付
2026-06-09T22:02:50+08:00	D (Handoff to external)	給教授
2026-06-09T22:25:20+08:00	F (Demo / Illustration)	示意
2026-06-09T22:39:57+08:00	F (Demo / Illustration)	show
2026-06-09T22:56:15+08:00	B (Comprehensive validation)	rebuttal
2026-06-09T23:46:57+08:00	B (Comprehensive validation)	Comprehensive
2026-06-10T00:38:04+08:00	D (Handoff to external)	External
2026-06-10T02:47:47+08:00	E (Hotfix / Bugfix)	排除
2026-06-10T03:36:49+08:00	F (Demo / Illustration)	示意
2026-06-10T03:41:22+08:00	F (Demo / Illustration)	示意
2026-06-10T03:53:32+08:00	D (Handoff to external)	交付
2026-06-10T04:10:04+08:00	D (Handoff to external)	external
2026-06-10T05:14:09+08:00	C (Production deployment)	production
2026-06-10T14:23:54+08:00	D (Handoff to external)	external
2026-06-10T15:08:13+08:00	F (Demo / Illustration)	示意
2026-06-10T20:26:29+08:00	D (Handoff to external)	對外
2026-06-11T01:03:03+08:00	F (Demo / Illustration)	示意
2026-06-11T01:03:12+08:00	F (Demo / Illustration)	示意
2026-06-11T03:26:43+08:00	E (Hotfix / Bugfix)	排除
2026-06-11T10:51:35+08:00	D (Handoff to external)	external
2026-06-11T12:28:00+08:00	C (Production deployment)	production
2026-06-11T14:33:13+08:00	D (Handoff to external)	對外
2026-06-11T20:41:16+08:00	D (Handoff to external)	external
2026-06-11T22:11:13+08:00	D (Handoff to external)	external
2026-06-11T23:47:47+08:00	D (Handoff to external)	external
2026-06-12T02:52:19+08:00	F (Demo / Illustration)	教學
2026-06-12T02:56:17+08:00	D (Handoff to external)	handoff
2026-06-12T03:18:26+08:00	D (Handoff to external)	external
2026-06-12T03:51:41+08:00	D (Handoff to external)	external
2026-06-12T04:02:36+08:00	D (Handoff to external)	交付
2026-06-12T19:09:01+08:00	F (Demo / Illustration)	demo
2026-06-12T20:35:33+08:00	D (Handoff to external)	external
2026-06-12T20:59:17+08:00	D (Handoff to external)	external
2026-06-12T21:33:51+08:00	D (Handoff to external)	external
2026-06-12T22:09:20+08:00	E (Hotfix / Bugfix)	regress
2026-06-12T23:58:04+08:00	D (Handoff to external)	external
2026-06-13T00:16:04+08:00	C (Production deployment)	release
2026-06-13T00:17:35+08:00	D (Handoff to external)	給教授
2026-06-13T00:32:55+08:00	D (Handoff to external)	HKU
2026-06-13T00:33:49+08:00	E (Hotfix / Bugfix)	regress
2026-06-13T00:59:53+08:00	D (Handoff to external)	external
2026-06-13T03:32:01+08:00	D (Handoff to external)	對外
2026-06-13T19:26:09+08:00	F (Demo / Illustration)	範例
2026-06-13T23:54:20+08:00	E (Hotfix / Bugfix)	regress
2026-06-13T23:56:06+08:00	E (Hotfix / Bugfix)	regress
2026-06-14T00:40:33+08:00	E (Hotfix / Bugfix)	regress
2026-06-14T00:42:03+08:00	E (Hotfix / Bugfix)	regress
2026-06-14T01:58:34+08:00	E (Hotfix / Bugfix)	regress
2026-06-14T03:28:13+08:00	D (Handoff to external)	external
2026-06-14T15:02:47+08:00	A (Exploratory pilot)	sanity check
2026-06-14T20:57:32+08:00	D (Handoff to external)	HANDOFF
2026-06-14T21:16:26+08:00	D (Handoff to external)	external
2026-06-14T22:59:54+08:00	D (Handoff to external)	external
2026-06-14T23:04:09+08:00	D (Handoff to external)	external
2026-06-14T23:14:00+08:00	D (Handoff to external)	external
2026-06-15T00:47:55+08:00	F (Demo / Illustration)	show
2026-06-15T01:02:58+08:00	D (Handoff to external)	external
2026-06-15T02:12:13+08:00	D (Handoff to external)	HANDOFF
2026-06-15T04:44:10+08:00	D (Handoff to external)	HKU
2026-06-15T05:11:29+08:00	D (Handoff to external)	HKU
2026-06-15T05:50:59+08:00	D (Handoff to external)	HKU
2026-06-15T16:34:47+08:00	D (Handoff to external)	external
2026-06-15T18:55:16+08:00	D (Handoff to external)	external
2026-06-15T19:00:32+08:00	D (Handoff to external)	handoff
2026-06-15T19:07:47+08:00	E (Hotfix / Bugfix)	regress
2026-06-15T19:10:57+08:00	E (Hotfix / Bugfix)	regress
2026-06-15T19:34:02+08:00	F (Demo / Illustration)	demo
2026-06-15T19:47:42+08:00	D (Handoff to external)	handoff
2026-06-15T19:48:01+08:00	F (Demo / Illustration)	demo
2026-06-15T19:56:56+08:00	D (Handoff to external)	external
2026-06-15T20:06:01+08:00	D (Handoff to external)	HKU
2026-06-15T20:12:30+08:00	B (Comprehensive validation)	全 chr
2026-06-15T20:54:22+08:00	E (Hotfix / Bugfix)	regress
2026-06-15T22:00:11+08:00	D (Handoff to external)	EXTERNAL
2026-06-15T23:18:57+08:00	A (Exploratory pilot)	先看
2026-06-15T23:19:03+08:00	A (Exploratory pilot)	先看
2026-06-15T23:26:57+08:00	B (Comprehensive validation)	全 chr
2026-06-15T23:42:19+08:00	A (Exploratory pilot)	pilot
2026-06-15T23:42:49+08:00	E (Hotfix / Bugfix)	regress
2026-06-16T01:47:11+08:00	A (Exploratory pilot)	pilot
2026-06-16T02:04:09+08:00	A (Exploratory pilot)	pilot
2026-06-16T02:34:28+08:00	A (Exploratory pilot)	pilot
2026-06-16T02:55:43+08:00	E (Hotfix / Bugfix)	regress
2026-06-16T03:00:23+08:00	C (Production deployment)	production
2026-06-16T03:08:33+08:00	E (Hotfix / Bugfix)	regress
2026-06-16T03:14:06+08:00	E (Hotfix / Bugfix)	regress
2026-06-16T03:22:48+08:00	E (Hotfix / Bugfix)	regress
2026-06-16T03:30:51+08:00	A (Exploratory pilot)	pilot
2026-06-16T03:41:30+08:00	E (Hotfix / Bugfix)	regress
2026-06-16T03:44:19+08:00	E (Hotfix / Bugfix)	regress
2026-06-16T16:22:42+08:00	F (Demo / Illustration)	show
2026-06-16T18:38:05+08:00	D (Handoff to external)	external
2026-06-16T19:24:17+08:00	D (Handoff to external)	給教授
2026-06-16T19:24:46+08:00	D (Handoff to external)	給教授
2026-06-16T22:32:00+08:00	D (Handoff to external)	給教授
2026-06-16T23:36:18+08:00	D (Handoff to external)	external
2026-06-17T01:13:22+08:00	F (Demo / Illustration)	demo
2026-06-17T01:26:33+08:00	F (Demo / Illustration)	show
2026-06-17T03:27:13+08:00	D (Handoff to external)	external
2026-06-17T04:07:19+08:00	F (Demo / Illustration)	示意
2026-06-17T04:19:00+08:00	F (Demo / Illustration)	示意
2026-06-17T04:39:59+08:00	D (Handoff to external)	hku
2026-06-17T17:21:34+08:00	C (Production deployment)	production
2026-06-17T23:32:20+08:00	D (Handoff to external)	給教授
2026-06-18T01:31:03+08:00	A (Exploratory pilot)	pilot
2026-06-18T02:03:49+08:00	C (Production deployment)	Release
2026-06-18T02:05:49+08:00	D (Handoff to external)	external
2026-06-18T02:28:36+08:00	E (Hotfix / Bugfix)	排除
2026-06-18T03:54:29+08:00	D (Handoff to external)	external
2026-06-18T04:03:03+08:00	F (Demo / Illustration)	示意
2026-06-18T04:10:27+08:00	E (Hotfix / Bugfix)	regress
2026-06-18T04:27:29+08:00	E (Hotfix / Bugfix)	regress
2026-06-18T11:34:17+08:00	E (Hotfix / Bugfix)	regress
2026-06-18T12:27:16+08:00	D (Handoff to external)	HKU
2026-06-18T13:13:38+08:00	A (Exploratory pilot)	pilot
2026-06-18T16:02:09+08:00	F (Demo / Illustration)	示意
2026-06-18T16:26:25+08:00	D (Handoff to external)	external
2026-06-18T16:50:32+08:00	F (Demo / Illustration)	教學
2026-06-18T21:28:59+08:00	A (Exploratory pilot)	pilot
2026-06-18T21:51:30+08:00	A (Exploratory pilot)	小規模
2026-06-19T09:53:27+08:00	B (Comprehensive validation)	全樣本
2026-06-19T22:15:07+08:00	F (Demo / Illustration)	show
2026-06-19T23:29:39+08:00	D (Handoff to external)	external
2026-06-20T01:43:30+08:00	A (Exploratory pilot)	pilot
2026-06-20T01:47:28+08:00	F (Demo / Illustration)	show
2026-06-20T01:52:26+08:00	D (Handoff to external)	external
2026-06-20T02:32:44+08:00	A (Exploratory pilot)	pilot
2026-06-20T03:12:46+08:00	A (Exploratory pilot)	小規模
2026-06-20T03:24:09+08:00	A (Exploratory pilot)	pilot
2026-06-20T04:27:01+08:00	B (Comprehensive validation)	完整跑
2026-06-20T05:31:19+08:00	A (Exploratory pilot)	pilot
2026-06-20T05:37:21+08:00	D (Handoff to external)	external
2026-06-20T16:05:21+08:00	A (Exploratory pilot)	小規模
2026-06-20T17:44:41+08:00	B (Comprehensive validation)	全樣本
2026-06-20T17:48:29+08:00	D (Handoff to external)	給 PI
2026-06-20T17:50:00+08:00	D (Handoff to external)	給 PI
2026-06-20T18:18:07+08:00	F (Demo / Illustration)	demo
2026-06-20T19:41:42+08:00	D (Handoff to external)	EXTERNAL
2026-06-20T19:49:36+08:00	C (Production deployment)	release
2026-06-20T20:01:39+08:00	A (Exploratory pilot)	小規模
2026-06-20T20:35:57+08:00	A (Exploratory pilot)	pilot
2026-06-20T20:57:00+08:00	A (Exploratory pilot)	小規模
2026-06-21T00:20:25+08:00	F (Demo / Illustration)	教學
2026-06-21T01:11:46+08:00	D (Handoff to external)	external
2026-06-21T01:50:18+08:00	D (Handoff to external)	external
2026-06-21T01:50:52+08:00	C (Production deployment)	deploy
2026-06-21T01:50:59+08:00	C (Production deployment)	release
2026-06-21T01:53:09+08:00	D (Handoff to external)	external
2026-06-21T02:05:07+08:00	D (Handoff to external)	external
2026-06-21T02:54:50+08:00	D (Handoff to external)	external
2026-06-21T03:02:01+08:00	D (Handoff to external)	external
2026-06-21T03:24:18+08:00	F (Demo / Illustration)	教學
2026-06-21T14:53:53+08:00	A (Exploratory pilot)	小規模
2026-06-21T15:22:32+08:00	D (Handoff to external)	handoff
2026-06-21T15:26:17+08:00	D (Handoff to external)	external
2026-06-21T15:26:58+08:00	D (Handoff to external)	external
2026-06-21T15:27:48+08:00	D (Handoff to external)	handoff
2026-06-22T01:25:31+08:00	A (Exploratory pilot)	pilot
2026-06-22T02:25:14+08:00	B (Comprehensive validation)	Comprehensive
2026-06-22T02:55:03+08:00	A (Exploratory pilot)	pilot
2026-06-22T04:02:35+08:00	A (Exploratory pilot)	pilot
2026-06-22T05:04:37+08:00	D (Handoff to external)	handoff
2026-06-22T05:27:46+08:00	A (Exploratory pilot)	小規模
2026-06-22T17:46:30+08:00	A (Exploratory pilot)	小規模
2026-06-22T20:42:38+08:00	D (Handoff to external)	給教授
2026-06-22T20:48:16+08:00	D (Handoff to external)	給教授
2026-06-22T21:27:58+08:00	D (Handoff to external)	對外
2026-06-22T21:33:24+08:00	A (Exploratory pilot)	pilot
2026-06-22T22:23:07+08:00	E (Hotfix / Bugfix)	排除
2026-06-23T10:12:44+08:00	A (Exploratory pilot)	pilot
2026-06-23T10:58:34+08:00	A (Exploratory pilot)	pilot
2026-06-23T12:20:14+08:00	C (Production deployment)	deploy
2026-06-23T13:28:09+08:00	A (Exploratory pilot)	pilot
2026-06-23T14:33:30+08:00	D (Handoff to external)	給教授
2026-06-23T14:48:30+08:00	E (Hotfix / Bugfix)	排除
2026-06-23T14:57:18+08:00	E (Hotfix / Bugfix)	排除
2026-06-23T15:54:55+08:00	A (Exploratory pilot)	pilot
2026-06-23T17:35:10+08:00	A (Exploratory pilot)	pilot
2026-06-23T20:27:00+08:00	D (Handoff to external)	External
2026-06-24T02:47:29+08:00	F (Demo / Illustration)	教學
2026-06-25T02:07:38+08:00	F (Demo / Illustration)	DEMO
2026-06-25T02:37:57+08:00	F (Demo / Illustration)	show
2026-06-25T03:03:00+08:00	D (Handoff to external)	external
2026-06-25T03:53:31+08:00	A (Exploratory pilot)	先看
2026-06-25T13:14:19+08:00	F (Demo / Illustration)	教學
2026-06-25T13:26:46+08:00	F (Demo / Illustration)	demo
2026-06-25T15:24:57+08:00	D (Handoff to external)	對外
2026-06-26T00:20:49+08:00	D (Handoff to external)	external
2026-06-26T05:39:11+08:00	D (Handoff to external)	external
2026-06-26T17:54:36+08:00	D (Handoff to external)	HKU
2026-06-27T00:16:39+08:00	B (Comprehensive validation)	完整觀察
2026-06-27T01:30:23+08:00	D (Handoff to external)	external
2026-06-27T02:59:05+08:00	D (Handoff to external)	external
2026-06-27T03:10:35+08:00	D (Handoff to external)	對外
2026-06-27T04:04:06+08:00	E (Hotfix / Bugfix)	排除
2026-06-27T13:20:17+08:00	D (Handoff to external)	external
2026-06-27T15:17:43+08:00	D (Handoff to external)	對外
2026-06-27T17:21:47+08:00	F (Demo / Illustration)	教學
2026-06-27T17:21:54+08:00	F (Demo / Illustration)	教學
2026-06-28T01:02:37+08:00	A (Exploratory pilot)	先看
2026-06-28T01:27:53+08:00	D (Handoff to external)	對外
2026-06-28T03:44:29+08:00	D (Handoff to external)	對外
2026-06-28T03:49:11+08:00	F (Demo / Illustration)	教學
2026-06-28T05:46:04+08:00	D (Handoff to external)	對外
2026-06-28T07:19:46+08:00	F (Demo / Illustration)	教學
2026-06-28T07:35:38+08:00	F (Demo / Illustration)	show
2026-06-28T22:22:21+08:00	A (Exploratory pilot)	pilot
2026-06-28T22:42:05+08:00	A (Exploratory pilot)	pilot
2026-06-28T23:07:36+08:00	A (Exploratory pilot)	小規模
2026-06-29T03:03:16+08:00	D (Handoff to external)	對外
2026-06-29T19:07:32+08:00	F (Demo / Illustration)	教學
2026-06-29T19:57:57+08:00	F (Demo / Illustration)	demo
2026-06-29T21:20:53+08:00	D (Handoff to external)	external
2026-06-29T22:08:22+08:00	F (Demo / Illustration)	範例
2026-06-29T22:20:59+08:00	F (Demo / Illustration)	教學
2026-06-29T23:40:52+08:00	A (Exploratory pilot)	探索
2026-06-29T23:42:35+08:00	D (Handoff to external)	交付
2026-06-29T23:43:03+08:00	F (Demo / Illustration)	教學
2026-06-29T23:57:07+08:00	E (Hotfix / Bugfix)	排除
2026-06-30T00:20:03+08:00	F (Demo / Illustration)	show
2026-06-30T00:32:53+08:00	F (Demo / Illustration)	show
2026-06-30T05:24:50+08:00	C (Production deployment)	production
2026-06-30T05:27:37+08:00	D (Handoff to external)	external
2026-06-30T05:51:23+08:00	D (Handoff to external)	external
2026-06-30T16:11:13+08:00	E (Hotfix / Bugfix)	排除
2026-06-30T17:57:10+08:00	E (Hotfix / Bugfix)	排除
