2026-05-26T16:56:56+08:00	D (Handoff to external)	HKU
2026-05-26T16:58:36+08:00	D (Handoff to external)	HKU
2026-05-26T16:58:36+08:00	A (Exploratory pilot)	pilot
2026-05-27T00:35:55+08:00	D (Handoff to external)	HKU
2026-05-27T00:53:25+08:00	D (Handoff to external)	HKU
2026-05-27T00:54:09+08:00	B (Comprehensive validation)	rebuttal
2026-05-27T01:18:00+08:00	B (Comprehensive validation)	reviewer response
2026-05-27T17:38:53+08:00	F (Demo / Illustration)	show
2026-05-27T18:43:00+08:00	B (Comprehensive validation)	reviewer response
2026-05-27T19:14:48+08:00	D (Handoff to external)	hku
2026-05-27T22:02:47+08:00	D (Handoff to external)	HKU
2026-05-28T04:11:58+08:00	F (Demo / Illustration)	show
2026-05-28T13:30:22+08:00	D (Handoff to external)	HKU
2026-05-28T20:40:51+08:00	B (Comprehensive validation)	comprehensive
2026-05-28T23:49:50+08:00	B (Comprehensive validation)	reviewer response
2026-05-30T04:20:52+08:00	E (Hotfix / Bugfix)	排除
2026-05-30T04:24:33+08:00	D (Handoff to external)	hku
2026-05-30T04:30:41+08:00	D (Handoff to external)	HKU
2026-05-30T04:52:17+08:00	D (Handoff to external)	HKU
2026-05-30T07:20:34+08:00	D (Handoff to external)	external
2026-05-30T15:13:57+08:00	B (Comprehensive validation)	完整驗證
2026-05-30T15:37:46+08:00	A (Exploratory pilot)	pilot
2026-05-30T21:56:00+08:00	A (Exploratory pilot)	pilot
2026-05-30T22:02:36+08:00	A (Exploratory pilot)	pilot
2026-05-30T23:01:48+08:00	A (Exploratory pilot)	pilot
2026-05-31T02:47:29+08:00	E (Hotfix / Bugfix)	regress
2026-05-31T03:49:58+08:00	D (Handoff to external)	HKU
2026-05-31T04:06:22+08:00	C (Production deployment)	production
2026-05-31T15:58:35+08:00	A (Exploratory pilot)	pilot
2026-05-31T16:35:17+08:00	D (Handoff to external)	handoff
2026-05-31T19:48:07+08:00	E (Hotfix / Bugfix)	regress
