2026-07-01T01:29:28+08:00	F (Demo / Illustration)	教學
2026-07-01T02:04:48+08:00	A (Exploratory pilot)	pilot
2026-07-01T02:46:08+08:00	B (Comprehensive validation)	全樣本
2026-07-01T07:04:40+08:00	A (Exploratory pilot)	pilot
2026-07-01T07:05:07+08:00	A (Exploratory pilot)	pilot
2026-07-01T09:13:11+08:00	D (Handoff to external)	交付
2026-07-01T10:44:43+08:00	D (Handoff to external)	external
2026-07-01T10:49:02+08:00	C (Production deployment)	production
2026-07-01T10:50:49+08:00	F (Demo / Illustration)	demo
2026-07-01T14:04:49+08:00	F (Demo / Illustration)	教學
2026-07-01T23:38:00+08:00	D (Handoff to external)	external
2026-07-01T23:39:44+08:00	D (Handoff to external)	handoff
2026-07-01T23:41:54+08:00	D (Handoff to external)	handoff
2026-07-01T23:48:33+08:00	D (Handoff to external)	handoff
2026-07-02T00:44:22+08:00	C (Production deployment)	production
2026-07-02T02:19:30+08:00	F (Demo / Illustration)	教學
2026-07-02T02:44:59+08:00	C (Production deployment)	production
2026-07-02T02:46:58+08:00	B (Comprehensive validation)	完整跑
2026-07-02T09:34:56+08:00	B (Comprehensive validation)	全樣本
2026-07-02T12:06:17+08:00	E (Hotfix / Bugfix)	排除
2026-07-02T23:43:52+08:00	D (Handoff to external)	handoff
2026-07-03T04:54:50+08:00	D (Handoff to external)	external
2026-07-03T05:11:03+08:00	C (Production deployment)	production
2026-07-03T05:19:46+08:00	D (Handoff to external)	交付
2026-07-03T17:12:15+08:00	F (Demo / Illustration)	demo
2026-07-03T17:23:33+08:00	F (Demo / Illustration)	demo
2026-07-03T22:24:45+08:00	B (Comprehensive validation)	comprehensive
2026-07-03T23:30:39+08:00	C (Production deployment)	production
2026-07-03T23:54:18+08:00	B (Comprehensive validation)	完整驗證
2026-07-04T03:34:04+08:00	E (Hotfix / Bugfix)	排除
2026-07-04T03:50:48+08:00	A (Exploratory pilot)	先看
2026-07-04T04:01:19+08:00	F (Demo / Illustration)	範例
2026-07-04T19:07:03+08:00	E (Hotfix / Bugfix)	regress
2026-07-04T20:24:26+08:00	E (Hotfix / Bugfix)	Regress
2026-07-05T06:03:58+08:00	D (Handoff to external)	external
2026-07-05T06:23:22+08:00	D (Handoff to external)	external
2026-07-05T06:24:52+08:00	F (Demo / Illustration)	show
2026-07-05T06:49:16+08:00	C (Production deployment)	Production
2026-07-05T15:35:26+08:00	D (Handoff to external)	external
2026-07-05T22:03:41+08:00	D (Handoff to external)	external
2026-07-05T22:14:15+08:00	A (Exploratory pilot)	小規模
2026-07-05T22:42:53+08:00	B (Comprehensive validation)	完整驗證
2026-07-06T11:03:48+08:00	A (Exploratory pilot)	小規模
2026-07-06T11:19:27+08:00	B (Comprehensive validation)	全樣本
2026-07-06T13:34:29+08:00	A (Exploratory pilot)	pilot
2026-07-06T21:20:54+08:00	D (Handoff to external)	handoff
2026-07-07T05:42:11+08:00	E (Hotfix / Bugfix)	排除
2026-07-07T14:24:10+08:00	F (Demo / Illustration)	示意
2026-07-09T09:30:49+08:00	A (Exploratory pilot)	小規模
2026-07-09T19:18:15+08:00	A (Exploratory pilot)	小規模
2026-07-09T19:49:25+08:00	B (Comprehensive validation)	comprehensive
2026-07-09T23:46:17+08:00	D (Handoff to external)	給教授
2026-07-10T15:33:59+08:00	D (Handoff to external)	對外
2026-07-10T19:02:13+08:00	D (Handoff to external)	給教授
2026-07-15T03:27:41+08:00	B (Comprehensive validation)	comprehensive
2026-07-15T04:15:39+08:00	D (Handoff to external)	External
2026-07-15T19:59:37+08:00	C (Production deployment)	production
2026-07-16T04:08:33+08:00	B (Comprehensive validation)	完整驗證
2026-07-17T15:50:14+08:00	C (Production deployment)	release
2026-07-17T16:26:19+08:00	D (Handoff to external)	external
2026-07-17T20:38:15+08:00	D (Handoff to external)	external
2026-07-17T20:38:15+08:00	D (Handoff to external)	external
2026-07-17T20:58:14+08:00	D (Handoff to external)	external
2026-07-17T20:58:14+08:00	D (Handoff to external)	external
2026-07-17T21:11:01+08:00	D (Handoff to external)	external
2026-07-17T21:11:01+08:00	D (Handoff to external)	external
2026-07-17T21:50:23+08:00	D (Handoff to external)	External
2026-07-17T21:50:46+08:00	D (Handoff to external)	External
2026-07-17T21:59:55+08:00	D (Handoff to external)	external
2026-07-17T22:00:05+08:00	C (Production deployment)	release
2026-07-17T22:02:19+08:00	D (Handoff to external)	external
2026-07-17T22:28:48+08:00	D (Handoff to external)	External
2026-07-17T22:29:10+08:00	D (Handoff to external)	External
2026-07-17T22:37:04+08:00	D (Handoff to external)	external
2026-07-18T06:44:07+08:00	D (Handoff to external)	External
2026-07-18T06:44:12+08:00	D (Handoff to external)	External
2026-07-18T06:50:12+08:00	D (Handoff to external)	external
2026-07-18T10:06:35+08:00	C (Production deployment)	release
2026-07-18T10:56:46+08:00	C (Production deployment)	release
2026-07-18T14:49:59+08:00	D (Handoff to external)	External
2026-07-18T14:50:05+08:00	D (Handoff to external)	External
2026-07-18T15:17:50+08:00	D (Handoff to external)	External
2026-07-18T15:18:03+08:00	D (Handoff to external)	External
2026-07-18T15:41:48+08:00	D (Handoff to external)	External
2026-07-18T15:41:56+08:00	D (Handoff to external)	External
2026-07-18T16:10:09+08:00	D (Handoff to external)	External
2026-07-18T16:10:21+08:00	D (Handoff to external)	External
2026-07-18T16:36:08+08:00	D (Handoff to external)	External
2026-07-18T16:36:08+08:00	D (Handoff to external)	External
2026-07-18T19:42:03+08:00	D (Handoff to external)	External
2026-07-18T19:42:03+08:00	D (Handoff to external)	External
2026-07-18T19:46:55+08:00	D (Handoff to external)	External
2026-07-18T19:47:04+08:00	D (Handoff to external)	External
2026-07-18T20:04:20+08:00	D (Handoff to external)	External
2026-07-18T20:05:35+08:00	D (Handoff to external)	External
2026-07-18T20:27:17+08:00	D (Handoff to external)	external
2026-07-18T20:45:24+08:00	D (Handoff to external)	External
2026-07-18T20:45:33+08:00	D (Handoff to external)	External
2026-07-18T21:03:30+08:00	D (Handoff to external)	external
2026-07-20T10:56:07+08:00	E (Hotfix / Bugfix)	排除
2026-07-20T10:57:02+08:00	E (Hotfix / Bugfix)	排除
2026-07-22T22:16:37+08:00	C (Production deployment)	release
2026-07-22T22:34:03+08:00	D (Handoff to external)	external
2026-07-23T04:49:15+08:00	D (Handoff to external)	external
2026-07-23T05:05:19+08:00	D (Handoff to external)	external
2026-07-23T05:14:52+08:00	E (Hotfix / Bugfix)	regress
2026-07-23T06:18:27+08:00	D (Handoff to external)	external
2026-07-23T06:24:11+08:00	D (Handoff to external)	external
2026-07-23T06:43:50+08:00	E (Hotfix / Bugfix)	regress
2026-07-23T07:06:00+08:00	E (Hotfix / Bugfix)	regress
2026-07-23T07:33:08+08:00	E (Hotfix / Bugfix)	regress
2026-07-23T08:20:48+08:00	C (Production deployment)	production
2026-07-23T08:28:01+08:00	C (Production deployment)	production
2026-07-23T09:03:39+08:00	A (Exploratory pilot)	先看
2026-07-23T09:13:09+08:00	D (Handoff to external)	external
2026-07-23T10:10:47+08:00	D (Handoff to external)	external
2026-07-23T10:13:33+08:00	D (Handoff to external)	external
2026-07-23T10:15:56+08:00	D (Handoff to external)	external
2026-07-23T10:55:26+08:00	D (Handoff to external)	external
2026-07-23T11:17:08+08:00	D (Handoff to external)	external
2026-07-23T11:20:55+08:00	D (Handoff to external)	external
2026-07-23T14:30:37+08:00	D (Handoff to external)	external
2026-07-23T14:40:47+08:00	D (Handoff to external)	external
2026-07-25T00:24:34+08:00	E (Hotfix / Bugfix)	regress
2026-07-25T00:25:31+08:00	E (Hotfix / Bugfix)	regress
2026-07-25T03:11:55+08:00	D (Handoff to external)	HKU
2026-07-25T04:40:38+08:00	E (Hotfix / Bugfix)	regress
2026-07-26T01:39:00+08:00	C (Production deployment)	release
2026-07-26T21:24:29+08:00	F (Demo / Illustration)	教學
2026-07-26T21:27:03+08:00	F (Demo / Illustration)	教學
2026-07-26T23:54:59+08:00	D (Handoff to external)	external
2026-07-26T23:55:03+08:00	D (Handoff to external)	external
2026-07-26T23:59:44+08:00	D (Handoff to external)	external
2026-07-27T00:49:02+08:00	D (Handoff to external)	external
2026-07-27T09:12:07+08:00	C (Production deployment)	release
2026-07-27T09:26:02+08:00	D (Handoff to external)	external
2026-07-27T09:35:41+08:00	D (Handoff to external)	hku
2026-07-27T11:30:02+08:00	F (Demo / Illustration)	範例
2026-07-27T11:39:07+08:00	D (Handoff to external)	HKU
2026-07-27T12:09:56+08:00	E (Hotfix / Bugfix)	排除
2026-07-27T12:36:14+08:00	D (Handoff to external)	external
2026-07-27T12:44:04+08:00	F (Demo / Illustration)	show
2026-07-27T12:48:17+08:00	D (Handoff to external)	HKU
2026-07-27T18:13:08+08:00	E (Hotfix / Bugfix)	排除
2026-07-27T19:05:29+08:00	D (Handoff to external)	HKU
2026-07-29T09:08:50+08:00	D (Handoff to external)	external
2026-07-29T09:08:59+08:00	D (Handoff to external)	external
2026-07-29T12:48:22+08:00	B (Comprehensive validation)	comprehensive
