	Command being timed: "python3 four_gamete_aa_methyl_demo.py"
	User time (seconds): 313.29
	System time (seconds): 5.66
	Percent of CPU this job got: 98%
	Elapsed (wall clock) time (h:mm:ss or m:ss): 5:22.86
	Average shared text size (kbytes): 0
	Average unshared data size (kbytes): 0
	Average stack size (kbytes): 0
	Average total size (kbytes): 0
	Maximum resident set size (kbytes): 234328
	Average resident set size (kbytes): 0
	Major (requiring I/O) page faults: 344
	Minor (reclaiming a frame) page faults: 1013934
	Voluntary context switches: 3070
	Involuntary context switches: 504005
	Swaps: 0
	File system inputs: 1588248
	File system outputs: 32
	Socket messages sent: 0
	Socket messages received: 0
	Signals delivered: 0
	Page size (bytes): 4096
	Exit status: 0
