dataset	chrom	phase_set	hp_family	component_id	threshold	k	site_indices	positions1	qualifying_edge_count	component_class	tree_eligible	inference_role
TEST	chr1	100	HP1	C000001	2	3	0,1,2	100,200,300	2	READ_LINKED_MULTISITE_REGION	true	PRIMARY_PS_AWARE
TEST	chr1	100	HP1	C000002	2	2	3,5	400,600	1	READ_LINKED_MULTISITE_REGION	true	PRIMARY_PS_AWARE
TEST	chr1	200	HP1	C000001	2	2	6,7	700,800	1	READ_LINKED_MULTISITE_REGION	true	PRIMARY_PS_AWARE
TEST	chr1	300	HP1	C000001	2	2	7,8	800,900	1	READ_LINKED_MULTISITE_REGION	true	PRIMARY_PS_AWARE
TEST	chr1	400	HP2	C000001	2	2	9,10	1000,101000	1	READ_LINKED_MULTISITE_REGION	true	PRIMARY_PS_AWARE
