[sites] TP=30490 FP=4842 merged_positions=35332 chroms=22
[done] chr21 reads=739036 hit=27222 pos_cov=446/446
[done] chr19 reads=664981 hit=60680 pos_cov=768/768
[done] chr22 reads=902335 hit=57236 pos_cov=484/484
[done] chr13 reads=1136525 hit=72535 pos_cov=1067/1067
[done] chr17 reads=1165918 hit=82771 pos_cov=1053/1053
[done] chr20 reads=1247424 hit=95325 pos_cov=1006/1006
[done] chr18 reads=1326494 hit=86306 pos_cov=974/974
[done] chr15 reads=1172979 hit=102074 pos_cov=1125/1125
[done] chr11 reads=1404277 hit=98287 pos_cov=1388/1388
[done] chr14 reads=1280176 hit=131542 pos_cov=1316/1316
[done] chr12 reads=1439138 hit=125247 pos_cov=1672/1672
[done] chr16 reads=1698102 hit=66759 pos_cov=660/660
[done] chr10 reads=1733094 hit=115865 pos_cov=1516/1516
[done] chr3 reads=2498799 hit=198717 pos_cov=2344/2344
[done] chr9 reads=1822966 hit=119115 pos_cov=1539/1539
[done] chr4 reads=3099624 hit=193166 pos_cov=2687/2687
[done] chr6 reads=1982552 hit=105703 pos_cov=1457/1457
[done] chr2 reads=2750385 hit=229448 pos_cov=3006/3006
[done] chr5 reads=2139603 hit=191840 pos_cov=2258/2258
[done] chr8 reads=1956724 hit=250556 pos_cov=3061/3061
[done] chr1 reads=4411427 hit=224108 pos_cov=2922/2922
[done] chr7 reads=3044814 hit=326656 pos_cov=2583/2583
WROTE v1_hp_alt_crosstab_ALL.json
=== UNION TP+FP ===
  0    unphase(0)     ALT=    2331 REFonly=  232968 UNK=  61375 cov=  296674 pctALT=0.7857 pctREFonly=78.5266
  1    germline HP1   ALT=       0 REFonly=  533020 UNK= 139471 cov=  672491 pctALT=0.0 pctREFonly=79.2605
  2    germline HP2   ALT=       0 REFonly=  534302 UNK= 137915 cov=  672217 pctALT=0.0 pctREFonly=79.4836
  1-1  HP1-1          ALT=  525400 REFonly=   15762 UNK=  88429 cov=  629591 pctALT=83.451 pctREFonly=2.5035
  2-1  HP2-1          ALT=  513104 REFonly=   15738 UNK=  86560 cov=  615402 pctALT=83.377 pctREFonly=2.5574
  3    HP3            ALT=   62379 REFonly=    1591 UNK=  10813 cov=   74783 pctALT=83.4133 pctREFonly=2.1275
