########## MODE=somatic ##########
> setting threshold 0.7363281 (qual: 188) for base C, percentile 10, 16570 total probabilites
> using optimized genome workers, combining strands at CpG motifs
> Done, processed 22244 rows.
--- somatic pileup files ---
combined.bedmethyl: 8242 rows
hp1.bedmethyl: 7840 rows
hp2.bedmethyl: 6162 rows
--- somatic dmr pair (a=HP1, b=HP2) ---
> Error! need to specify at least 1 modified base
########## MODE=family ##########
> setting threshold 0.7363281 (qual: 188) for base C, percentile 10, 16489 total probabilites
> using optimized genome workers, combining strands at CpG motifs
> Done, processed 21082 rows.
--- family pileup files ---
combined.bedmethyl: 8270 rows
hp1.bedmethyl: 8242 rows
hp2.bedmethyl: 4570 rows
--- family dmr pair (a=HP1, b=HP2) ---
> Error! need to specify at least 1 modified base
MODKIT_CHAIN_DONE
