======================================================================
F Pilot Step 6B — Orthogonal feature validation
======================================================================

Core subset (NG=4+AF<0.4+NR≥80+NonLOH): n=14197
  TP: 13176, FP: 1021

======================================================================
Part A — Pooled AUC (TP vs FP) within NG=4+AF<0.4+NR≥80+NonLOH
======================================================================
           feature  n_TP  n_FP  auc_raw  auc_reversed  best_auc direction  TP_mean  FP_mean   delta  mannU_p
PairwiseMedianDist 13176  1021   0.5182        0.4818    0.5182     TP>FP   0.1957   0.1891  0.0066   0.0525
  PairwiseMeanDist 13176  1021   0.5251        0.4749    0.5251     TP>FP   0.2166   0.2079  0.0087   0.0073
     HPMergedDelta 13176  1021   0.4891        0.5109    0.5109     FP>TP   0.0184   0.0212 -0.0028   0.2432
       AlleleDelta 13176  1021   0.4517        0.5483    0.5483     FP>TP   0.0138   0.0195 -0.0057   0.0000
           HPFineF 13176  1021   0.4536        0.5464    0.5464     FP>TP   6.3976   7.6024 -1.2049   0.0000

======================================================================
Part B — Per-sample AUC within NG=4+AF<0.4+NR≥80+NonLOH
======================================================================
        sample    n  n_TP  n_FP  PairwiseMedianDist  PairwiseMeanDist  HPMergedDelta  AlleleDelta  HPFineF
         H1437 1132  1092    40               0.638             0.644          0.637        0.544    0.501
         H2009 9939  9515   424               0.518             0.523          0.513        0.522    0.511
       HCC1395  860   763    97               0.580             0.583          0.553        0.569    0.549
HCC1395_DORADO  566   520    46               0.692             0.691          0.505        0.512    0.608
       HCC1937  626   543    83               0.586             0.586          0.547        0.663    0.520
       HCC1954 1040   735   305               0.578             0.583          0.585        0.546    0.644

Wide subset (NG≥2+AF<0.4+NR≥80+NonLOH): n=63841

======================================================================
Part C — Spearman ρ(feature, HPFineNGroups) in NG=4+AF<0.4+NR≥80+NonLOH
======================================================================
注意：子集已鎖 NG=4 → ρ 應接近 0（無變異）；改比 NG≥2 更廣條件

(改用 NG≥2+AF<0.4+NR≥80+NonLOH 以確保 NG variation 存在)
           feature     n  spearman_rho  p_value
PairwiseMedianDist 63841        0.0849      0.0
  PairwiseMeanDist 63841        0.0996      0.0
     HPMergedDelta 63841        0.1666      0.0
       AlleleDelta 63841       -0.0582      0.0
           HPFineF 63841       -0.0635      0.0

======================================================================
Part D — Combined score (HPFineNGroups + orthogonal feature)
======================================================================
Baseline HPFineNGroups AUC: 0.5000

Top 15 combinations:
                              combo    auc
      NG*(1-0.7)+-1*AlleleDelta*0.7 0.5483
      NG*(1-0.3)+-1*AlleleDelta*0.3 0.5483
      NG*(1-0.5)+-1*AlleleDelta*0.5 0.5483
      NG*(1-1.0)+-1*AlleleDelta*1.0 0.5483
          NG*(1-0.3)+-1*HPFineF*0.3 0.5464
          NG*(1-1.0)+-1*HPFineF*1.0 0.5464
          NG*(1-0.7)+-1*HPFineF*0.7 0.5464
          NG*(1-0.5)+-1*HPFineF*0.5 0.5464
  NG*(1-0.5)+1*PairwiseMeanDist*0.5 0.5251
  NG*(1-1.0)+1*PairwiseMeanDist*1.0 0.5251
  NG*(1-0.7)+1*PairwiseMeanDist*0.7 0.5251
  NG*(1-0.3)+1*PairwiseMeanDist*0.3 0.5251
NG*(1-0.3)+1*PairwiseMedianDist*0.3 0.5182
NG*(1-0.7)+1*PairwiseMedianDist*0.7 0.5182
NG*(1-0.5)+1*PairwiseMedianDist*0.5 0.5182

======================================================================
STEP 6B VERDICT
======================================================================
(A) Pooled AUC: feature TP/FP 區分力
(B) Per-sample AUC: 跨樣本一致性
(C) Spearman ρ: 與 HPFineNGroups 獨立性
(D) Combined: HPFineNGroups + feature 組合是否 AUC 升
