======================================================================
F Pilot Step 5 — Purity dilution simulation + AF 低端 strata
======================================================================

======================================================================
Part 5A — Purity<1 dilution simulation
======================================================================
Model: obs_AF_TP = p × cell_line_AF
       obs_AF_FP = p × cell_line_AF + (1-p) × 0.5  (germline het normal dilution)
Caller AF lower bound: 0.05 (below → dropped as uncalled)

Per sample × purity × AF<0.4 filter result:
 sample  purity  n_total  n_tp_in  n_fp_in  tp_kept_af04  fp_kept_af04  tp_dropped_caller  tp_rate_af04  tp_recovery  fp_rejection
HCC1954     0.3     1622      806      816           446            35                360         0.927        0.553         0.957
HCC1954     0.5     1622      806      816           746           176                 59         0.809        0.926         0.784
HCC1954     0.7     1622      806      816           784           241                  3         0.765        0.973         0.705
HCC1954     0.9     1622      806      816           758           285                  0         0.727        0.940         0.651
HCC1954     1.0     1622      806      816           735           305                  0         0.707        0.912         0.626
HCC1937     0.3      890      635      255           422             7                213         0.984        0.665         0.973
HCC1937     0.5      890      635      255           588            49                 45         0.923        0.926         0.808
HCC1937     0.7      890      635      255           618            68                  0         0.901        0.973         0.733
HCC1937     0.9      890      635      255           580            82                  0         0.876        0.913         0.678
HCC1937     1.0      890      635      255           543            83                  0         0.867        0.855         0.675
HCC1395     0.3     1173      950      223           793            20                157         0.975        0.835         0.910
HCC1395     0.5     1173      950      223           941            67                  8         0.934        0.991         0.700
HCC1395     0.7     1173      950      223           904            79                  0         0.920        0.952         0.646
HCC1395     0.9     1173      950      223           813            92                  0         0.898        0.856         0.587
HCC1395     1.0     1173      950      223           763            97                  0         0.887        0.803         0.565
  H1437     0.3     1409     1298      111          1045             9                253         0.991        0.805         0.919
  H1437     0.5     1409     1298      111          1253            24                 44         0.981        0.965         0.784
  H1437     0.7     1409     1298      111          1231            33                  5         0.974        0.948         0.703
  H1437     0.9     1409     1298      111          1136            39                  0         0.967        0.875         0.649
  H1437     1.0     1409     1298      111          1092            40                  0         0.965        0.841         0.640
  H2009     0.3    19979    18671     1308         17946             9                725         0.999        0.961         0.993
  H2009     0.5    19979    18671     1308         18523           159                 59         0.991        0.992         0.878
  H2009     0.7    19979    18671     1308         14522           322                  2         0.978        0.778         0.754
  H2009     0.9    19979    18671     1308         10933           395                  0         0.965        0.586         0.698
  H2009     1.0    19979    18671     1308          9515           424                  0         0.957        0.510         0.676

TP rate under AF<0.4 filter across purity (summary):
purity     0.3    0.5    0.7    0.9    1.0
sample                                    
H1437    0.991  0.981  0.974  0.967  0.965
H2009    0.999  0.991  0.978  0.965  0.957
HCC1395  0.975  0.934  0.920  0.898  0.887
HCC1937  0.984  0.923  0.901  0.876  0.867
HCC1954  0.927  0.809  0.765  0.727  0.707

TP recovery (TP kept / total TP input):
purity     0.3    0.5    0.7    0.9    1.0
sample                                    
H1437    0.805  0.965  0.948  0.875  0.841
H2009    0.961  0.992  0.778  0.586  0.510
HCC1395  0.835  0.991  0.952  0.856  0.803
HCC1937  0.665  0.926  0.973  0.913  0.855
HCC1954  0.553  0.926  0.973  0.940  0.912

FP rejection (1 - FP kept / total FP input):
purity     0.3    0.5    0.7    0.9    1.0
sample                                    
H1437    0.919  0.784  0.703  0.649  0.640
H2009    0.993  0.878  0.754  0.698  0.676
HCC1395  0.910  0.700  0.646  0.587  0.565
HCC1937  0.973  0.808  0.733  0.678  0.675
HCC1954  0.957  0.784  0.705  0.651  0.626

======================================================================
Part 5B — AF 低端 strata TP rate 檢查 (NG=4+NR≥80+NonLOH)
======================================================================
目的：確認 AF<0.1 是否有 sequencing error / strand artifact 壓低 TP rate

Per-sample × AF-bin TP rate:
af_bin          [0.0,0.1)  [0.1,0.2)  [0.2,0.3)  [0.3,0.4)  [0.4,0.5)  [0.5,1.0)
sample                                                                          
COLO829             0.000      0.200      0.444      0.000        NaN        NaN
H1437               1.000      0.954      0.989      0.923      0.779      0.716
H2009               0.983      0.985      0.961      0.948      0.915      0.910
HCC1395             0.889      0.891      0.909      0.838      0.643      0.559
HCC1395_DORADO      0.875      0.896      0.944      0.891      0.879      0.684
HCC1937             0.978      0.944      0.841      0.707      0.462      0.239
HCC1954             0.983      0.861      0.605      0.386      0.235      0.075

Per-sample × AF-bin n (count):
af_bin          [0.0,0.1)  [0.1,0.2)  [0.2,0.3)  [0.3,0.4)  [0.4,0.5)  [0.5,1.0)
sample                                                                          
COLO829                 1         20          9          4          0          0
H1437                  44        411        469        208        122        155
H2009                  60       1147       3642       5090       3292       6747
HCC1395                 9        294        372        185        143        170
HCC1395_DORADO          8        173        284        101         33         38
HCC1937                46        250        214        116        130        134
HCC1954                60        504        266        210        170        412

AF<0.1 artifact flag (AF[0,0.1] TP rate vs [0.1,0.2]):
  COLO829             : AF[0,0.1]=0.000 vs [0.1,0.2]=0.200 → ⚠ SUSPECT (Δ ≥ 0.1 drop)
  H1437               : AF[0,0.1]=1.000 vs [0.1,0.2]=0.954 → OK
  H2009               : AF[0,0.1]=0.983 vs [0.1,0.2]=0.985 → OK
  HCC1395             : AF[0,0.1]=0.889 vs [0.1,0.2]=0.891 → OK
  HCC1395_DORADO      : AF[0,0.1]=0.875 vs [0.1,0.2]=0.896 → OK
  HCC1937             : AF[0,0.1]=0.978 vs [0.1,0.2]=0.944 → OK
  HCC1954             : AF[0,0.1]=0.983 vs [0.1,0.2]=0.861 → OK

======================================================================
STEP 5 VERDICT
======================================================================
(5A) Purity dilution: 見 step5a_purity_simulation.tsv → tp_rate_af04 across purity
(5B) AF 低端 strata: 見 step5b_af_lowend_strata.tsv → AF[0,0.1] artifact flag
(5C) CpG island annotation: DEFERRED (no reference BED available)
