--- Configuration ---
Tumor BAM: /big8_disk/liaoyoyo2001/InterSubMod/data/bam/HCC1395/tumor.bam
Normal BAM: /big8_disk/liaoyoyo2001/InterSubMod/data/bam/HCC1395/normal.bam
Reference: /big8_disk/liaoyoyo2001/InterSubMod/data/ref/hg38.fa
Somatic VCF: /big8_disk/liaoyoyo2001/InterSubMod/data/vcf/HCC1395/pileup/filtered_snv_fn.vcf.gz
Output Dir: /big7_disk/liaoyoyo2001/InterSubMod/output/_tmp_sampling_obs_20260612_2201/fn
Window Size: 1000 bp
Min MapQ: 20
Min Read Length: 1000
Methylation Thresholds: Low=0.2, High=0.8
Threads: 40
Distance Metrics: NHD
Full Read Span: Disabled
---------------------
[32m[2026-06-12 22:36:08.931][T0][INFO ] Configuration valid. Starting analysis...
[0m[32m[2026-06-12 22:36:08.931][T0][INFO ] RegionProcessor initialized:
  Threads: 40
  Window size: ±1000 bp
  Log level: 2
  Distance metrics: NHD
  Min common coverage (C_min): 3
  Distance matrix: enabled
  Strand-specific matrices: enabled
  Hierarchical clustering: enabled
  Linkage method: UPGMA
  Clustering min reads: 10
[0m[32m[2026-06-12 22:36:08.931][T0][INFO ] START: Main Execution
[0m[32m[2026-06-12 22:36:08.931][T0][INFO ] [1] Loading SNVs from VCF...
[0m[32m[2026-06-12 22:36:08.931][T0][INFO ] Starting to load SNVs from VCF: /big8_disk/liaoyoyo2001/InterSubMod/data/vcf/HCC1395/pileup/filtered_snv_fn.vcf.gz
[0m[32m[2026-06-12 22:36:08.936][T0][INFO ] Loaded 195 contigs from header.
[0m[32m[2026-06-12 22:36:08.937][T0][INFO ] Finished loading VCF. Loaded: 109, Skipped: 0
[0m[32m[2026-06-12 22:36:08.937][T0][INFO ] Loaded 109 SNVs from VCF: /big8_disk/liaoyoyo2001/InterSubMod/data/vcf/HCC1395/pileup/filtered_snv_fn.vcf.gz
[0m[32m[2026-06-12 22:36:08.937][T0][INFO ] [2] Processing 109 regions...
[0mProcessing 109 regions with 40 threads...
[32m[2026-06-12 22:36:08.937][T0][INFO ] Processing 109 regions with 40 threads...
[0m[32m[2026-06-12 22:36:10.092][T25][INFO ] Progress: 1/109 (0%) | chr1 | Avg: 1155 ms/region | ETA: 2.1 min
[0m[32m[2026-06-12 22:36:10.406][T26][INFO ] Progress: 2/109 (1%) | chr14 | Avg: 734 ms/region | ETA: 1.3 min
[0m[32m[2026-06-12 22:36:10.506][T0][INFO ] Progress: 3/109 (2%) | chr1 | Avg: 523 ms/region | ETA: 55s
[0m[32m[2026-06-12 22:36:10.526][T4][INFO ] Progress: 4/109 (3%) | chr14 | Avg: 397 ms/region | ETA: 42s
[0m[32m[2026-06-12 22:36:10.563][T10][INFO ] Progress: 5/109 (4%) | chr1 | Avg: 325 ms/region | ETA: 34s
[0m[32m[2026-06-12 22:36:10.577][T13][INFO ] Progress: 6/109 (5%) | chr10 | Avg: 273 ms/region | ETA: 28s
[0m[32m[2026-06-12 22:36:10.688][T36][INFO ] Progress: 7/109 (6%) | chr14 | Avg: 250 ms/region | ETA: 26s
[0m[32m[2026-06-12 22:36:10.742][T2][INFO ] Progress: 8/109 (7%) | chr10 | Avg: 226 ms/region | ETA: 23s
[0m[32m[2026-06-12 22:36:11.080][T5][INFO ] Progress: 11/109 (10%) | chr11 | Avg: 195 ms/region | ETA: 19s
[0m[32m[2026-06-12 22:36:11.099][T4][INFO ] Progress: 12/109 (11%) | chr16 | Avg: 180 ms/region | ETA: 17s
[0m[32m[2026-06-12 22:36:11.217][T5][INFO ] Progress: 14/109 (12%) | chr17 | Avg: 163 ms/region | ETA: 15s
[0m[32m[2026-06-12 22:36:11.226][T12][INFO ] Progress: 15/109 (13%) | chr16 | Avg: 153 ms/region | ETA: 14s
[0m[32m[2026-06-12 22:36:11.263][T34][INFO ] Progress: 16/109 (14%) | chr1 | Avg: 145 ms/region | ETA: 14s
[0m[32m[2026-06-12 22:36:11.292][T25][INFO ] Progress: 17/109 (15%) | chr10 | Avg: 139 ms/region | ETA: 13s
[0m[32m[2026-06-12 22:36:11.309][T29][INFO ] Progress: 18/109 (16%) | chr13 | Avg: 132 ms/region | ETA: 12s
[0m[32m[2026-06-12 22:36:11.391][T10][INFO ] Progress: 19/109 (17%) | chr16 | Avg: 129 ms/region | ETA: 12s
[0m[32m[2026-06-12 22:36:11.513][T38][INFO ] Progress: 20/109 (18%) | chr12 | Avg: 129 ms/region | ETA: 11s
[0m[32m[2026-06-12 22:36:11.524][T28][INFO ] Progress: 21/109 (19%) | chr13 | Avg: 123 ms/region | ETA: 11s
[0m[32m[2026-06-12 22:36:11.533][T3][INFO ] Progress: 22/109 (20%) | chr12 | Avg: 118 ms/region | ETA: 10s
[0m[32m[2026-06-12 22:36:11.535][T11][INFO ] Progress: 24/109 (22%) | chr11 | Avg: 108 ms/region | ETA: 9s
[0m[32m[2026-06-12 22:36:11.549][T10][INFO ] Progress: 25/109 (22%) | chr2 | Avg: 104 ms/region | ETA: 9s
[0m[32m[2026-06-12 22:36:11.549][T15][INFO ] Progress: 26/109 (23%) | chr11 | Avg: 100 ms/region | ETA: 8s
[0m[32m[2026-06-12 22:36:11.591][T12][INFO ] Progress: 27/109 (24%) | chr18 | Avg: 98 ms/region | ETA: 8s
[0m[32m[2026-06-12 22:36:11.632][T2][INFO ] Progress: 28/109 (25%) | chr16 | Avg: 96 ms/region | ETA: 8s
[0m[32m[2026-06-12 22:36:11.747][T14][INFO ] Progress: 30/109 (27%) | chr12 | Avg: 94 ms/region | ETA: 7s
[0m[32m[2026-06-12 22:36:11.767][T9][INFO ] Progress: 31/109 (28%) | chr10 | Avg: 91 ms/region | ETA: 7s
[0m[32m[2026-06-12 22:36:11.771][T26][INFO ] Progress: 32/109 (29%) | chr16 | Avg: 89 ms/region | ETA: 7s
[0m[32m[2026-06-12 22:36:11.816][T24][INFO ] Progress: 33/109 (30%) | chr12 | Avg: 87 ms/region | ETA: 7s
[0m[32m[2026-06-12 22:36:11.837][T33][INFO ] Progress: 34/109 (31%) | chr1 | Avg: 85 ms/region | ETA: 6s
[0m[32m[2026-06-12 22:36:11.854][T13][INFO ] Progress: 35/109 (32%) | chr16 | Avg: 83 ms/region | ETA: 6s
[0m[32m[2026-06-12 22:36:11.911][T35][INFO ] Progress: 36/109 (33%) | chr1 | Avg: 83 ms/region | ETA: 6s
[0m[32m[2026-06-12 22:36:12.028][T19][INFO ] Progress: 38/109 (34%) | chr14 | Avg: 81 ms/region | ETA: 6s
[0m[32m[2026-06-12 22:36:12.044][T18][INFO ] Progress: 39/109 (35%) | chr1 | Avg: 80 ms/region | ETA: 6s
[0m[32m[2026-06-12 22:36:12.066][T5][INFO ] Progress: 40/109 (36%) | chr18 | Avg: 78 ms/region | ETA: 5s
[0m[32m[2026-06-12 22:36:12.082][T11][INFO ] Progress: 41/109 (37%) | chr2 | Avg: 77 ms/region | ETA: 5s
[0m[32m[2026-06-12 22:36:12.187][T39][INFO ] Progress: 42/109 (38%) | chr12 | Avg: 77 ms/region | ETA: 5s
[0m[32m[2026-06-12 22:36:12.274][T30][INFO ] Progress: 43/109 (39%) | chr15 | Avg: 78 ms/region | ETA: 5s
[0m[32m[2026-06-12 22:36:12.281][T19][INFO ] Progress: 44/109 (40%) | chr3 | Avg: 76 ms/region | ETA: 5s
[0m[32m[2026-06-12 22:36:12.297][T12][INFO ] Progress: 45/109 (41%) | chr20 | Avg: 75 ms/region | ETA: 5s
[0m[32m[2026-06-12 22:36:12.363][T34][INFO ] Progress: 46/109 (42%) | chr19 | Avg: 74 ms/region | ETA: 5s
[0m[32m[2026-06-12 22:36:12.367][T32][INFO ] Progress: 47/109 (43%) | chr11 | Avg: 73 ms/region | ETA: 5s
[0m[32m[2026-06-12 22:36:12.475][T0][INFO ] Progress: 48/109 (44%) | chr16 | Avg: 74 ms/region | ETA: 4s
[0m[32m[2026-06-12 22:36:12.486][T7][INFO ] Progress: 49/109 (44%) | chr12 | Avg: 72 ms/region | ETA: 4s
[0m[32m[2026-06-12 22:36:12.495][T19][INFO ] Progress: 50/109 (45%) | chr4 | Avg: 71 ms/region | ETA: 4s
[0m[32m[2026-06-12 22:36:12.510][T5][INFO ] Progress: 51/109 (46%) | chr3 | Avg: 70 ms/region | ETA: 4s
[0m[32m[2026-06-12 22:36:12.564][T0][INFO ] Progress: 52/109 (47%) | chr4 | Avg: 70 ms/region | ETA: 4s
[0m[32m[2026-06-12 22:36:12.589][T17][INFO ] Progress: 53/109 (48%) | chr12 | Avg: 69 ms/region | ETA: 4s
[0m[32m[2026-06-12 22:36:12.612][T39][INFO ] Progress: 54/109 (49%) | chr4 | Avg: 68 ms/region | ETA: 4s
[0m[32m[2026-06-12 22:36:12.672][T1][INFO ] Progress: 55/109 (50%) | chr14 | Avg: 68 ms/region | ETA: 4s
[0m[32m[2026-06-12 22:36:12.767][T32][INFO ] Progress: 56/109 (51%) | chr4 | Avg: 68 ms/region | ETA: 4s
[0m[32m[2026-06-12 22:36:12.835][T8][INFO ] Progress: 57/109 (52%) | chr14 | Avg: 68 ms/region | ETA: 4s
[0m[32m[2026-06-12 22:36:12.867][T17][INFO ] Progress: 58/109 (53%) | chr5 | Avg: 68 ms/region | ETA: 3s
[0m[32m[2026-06-12 22:36:12.919][T25][INFO ] Progress: 59/109 (54%) | chr19 | Avg: 67 ms/region | ETA: 3s
[0m[32m[2026-06-12 22:36:12.925][T1][INFO ] Progress: 60/109 (55%) | chr5 | Avg: 66 ms/region | ETA: 3s
[0m[32m[2026-06-12 22:36:12.940][T4][INFO ] Progress: 61/109 (55%) | chr17 | Avg: 66 ms/region | ETA: 3s
[0m[32m[2026-06-12 22:36:12.951][T7][INFO ] Progress: 62/109 (56%) | chr4 | Avg: 65 ms/region | ETA: 3s
[0m[32m[2026-06-12 22:36:12.974][T28][INFO ] Progress: 63/109 (57%) | chr2 | Avg: 64 ms/region | ETA: 3s
[0m[32m[2026-06-12 22:36:13.098][T27][INFO ] Progress: 65/109 (59%) | chr17 | Avg: 64 ms/region | ETA: 3s
[0m[32m[2026-06-12 22:36:13.131][T8][INFO ] Progress: 66/109 (60%) | chr5 | Avg: 64 ms/region | ETA: 3s
[0m[32m[2026-06-12 22:36:13.147][T17][INFO ] Progress: 67/109 (61%) | chr6 | Avg: 63 ms/region | ETA: 3s
[0m[32m[2026-06-12 22:36:13.217][T16][INFO ] Progress: 68/109 (62%) | chr12 | Avg: 63 ms/region | ETA: 3s
[0m[32m[2026-06-12 22:36:13.223][T13][INFO ] Progress: 69/109 (63%) | chr3 | Avg: 62 ms/region | ETA: 2s
[0m[32m[2026-06-12 22:36:13.263][T29][INFO ] Progress: 70/109 (64%) | chr19 | Avg: 62 ms/region | ETA: 2s
[0m[32m[2026-06-12 22:36:13.286][T1][INFO ] Progress: 71/109 (65%) | chr6 | Avg: 61 ms/region | ETA: 2s
[0m[32m[2026-06-12 22:36:13.426][T30][INFO ] Progress: 72/109 (66%) | chr4 | Avg: 62 ms/region | ETA: 2s
[0m[32m[2026-06-12 22:36:13.432][T26][INFO ] Progress: 73/109 (66%) | chr21 | Avg: 62 ms/region | ETA: 2s
[0m[32m[2026-06-12 22:36:13.577][T37][INFO ] Progress: 74/109 (67%) | chr17 | Avg: 63 ms/region | ETA: 2s
[0m[32m[2026-06-12 22:36:13.633][T16][INFO ] Progress: 75/109 (68%) | chr9 | Avg: 63 ms/region | ETA: 2s
[0m[32m[2026-06-12 22:36:13.650][T27][INFO ] Progress: 76/109 (69%) | chr8 | Avg: 62 ms/region | ETA: 2s
[0m[32m[2026-06-12 22:36:13.731][T5][INFO ] Progress: 77/109 (70%) | chr5 | Avg: 62 ms/region | ETA: 2s
[0m[32m[2026-06-12 22:36:13.780][T10][INFO ] Progress: 78/109 (71%) | chr2 | Avg: 62 ms/region | ETA: 2s
[0m[32m[2026-06-12 22:36:13.813][T15][INFO ] Progress: 79/109 (72%) | chr8 | Avg: 62 ms/region | ETA: 2s
[0m[32m[2026-06-12 22:36:13.862][T31][INFO ] Progress: 80/109 (73%) | chr14 | Avg: 62 ms/region | ETA: 2s
[0m[32m[2026-06-12 22:36:13.875][T35][INFO ] Progress: 81/109 (74%) | chr3 | Avg: 61 ms/region | ETA: 2s
[0m[32m[2026-06-12 22:36:13.896][T25][INFO ] Progress: 82/109 (75%) | chr6 | Avg: 60 ms/region | ETA: 2s
[0m[32m[2026-06-12 22:36:13.912][T8][INFO ] Progress: 83/109 (76%) | chr8 | Avg: 60 ms/region | ETA: 2s
[0m[32m[2026-06-12 22:36:13.922][T20][INFO ] Progress: 84/109 (77%) | chr17 | Avg: 59 ms/region | ETA: 1s
[0m[32m[2026-06-12 22:36:13.925][T38][INFO ] Progress: 85/109 (77%) | chr2 | Avg: 59 ms/region | ETA: 1s
[0m[32m[2026-06-12 22:36:13.972][T6][INFO ] Progress: 86/109 (78%) | chr14 | Avg: 59 ms/region | ETA: 1s
[0m[32m[2026-06-12 22:36:14.036][T19][INFO ] Progress: 87/109 (79%) | chr5 | Avg: 59 ms/region | ETA: 1s
[0m[32m[2026-06-12 22:36:14.060][T21][INFO ] Progress: 88/109 (80%) | chr2 | Avg: 58 ms/region | ETA: 1s
[0m[32m[2026-06-12 22:36:14.080][T2][INFO ] Progress: 89/109 (81%) | chr20 | Avg: 58 ms/region | ETA: 1s
[0m[32m[2026-06-12 22:36:14.118][T24][INFO ] Progress: 90/109 (82%) | chr22 | Avg: 58 ms/region | ETA: 1s
[0m[32m[2026-06-12 22:36:14.122][T39][INFO ] Progress: 91/109 (83%) | chr5 | Avg: 57 ms/region | ETA: 1s
[0m[32m[2026-06-12 22:36:14.123][T11][INFO ] Progress: 92/109 (84%) | chr4 | Avg: 56 ms/region | ETA: 1s
[0m[32m[2026-06-12 22:36:14.125][T18][INFO ] Progress: 93/109 (85%) | chr3 | Avg: 56 ms/region | ETA: 1s
[0m[32m[2026-06-12 22:36:14.134][T23][INFO ] Progress: 94/109 (86%) | chr11 | Avg: 55 ms/region | ETA: 1s
[0m[32m[2026-06-12 22:36:14.205][T32][INFO ] Progress: 95/109 (87%) | chr5 | Avg: 55 ms/region | ETA: 1s
[0m[32m[2026-06-12 22:36:14.213][T3][INFO ] Progress: 96/109 (88%) | chr2 | Avg: 55 ms/region | ETA: 1s
[0m[32m[2026-06-12 22:36:14.240][T7][INFO ] Progress: 97/109 (88%) | chr7 | Avg: 55 ms/region | ETA: 1s
[0m[32m[2026-06-12 22:36:14.251][T4][INFO ] Progress: 98/109 (89%) | chr6 | Avg: 54 ms/region | ETA: 1s
[0m[32m[2026-06-12 22:36:14.256][T0][INFO ] Progress: 99/109 (90%) | chr5 | Avg: 54 ms/region | ETA: 1s
[0m[32m[2026-06-12 22:36:14.256][T22][INFO ] Progress: 100/109 (91%) | chr3 | Avg: 53 ms/region | ETA: 0s
[0m[32m[2026-06-12 22:36:14.272][T17][INFO ] Progress: 101/109 (92%) | chr8 | Avg: 53 ms/region | ETA: 0s
[0m[32m[2026-06-12 22:36:14.352][T34][INFO ] Progress: 102/109 (93%) | chr4 | Avg: 53 ms/region | ETA: 0s
[0m[32m[2026-06-12 22:36:14.404][T13][INFO ] Progress: 103/109 (94%) | chr9 | Avg: 53 ms/region | ETA: 0s
[0m[32m[2026-06-12 22:36:14.408][T36][INFO ] Progress: 104/109 (95%) | chr20 | Avg: 53 ms/region | ETA: 0s
[0m[32m[2026-06-12 22:36:14.546][T33][INFO ] Progress: 105/109 (96%) | chr22 | Avg: 53 ms/region | ETA: 0s
[0m[32m[2026-06-12 22:36:14.608][T28][INFO ] Progress: 106/109 (97%) | chr7 | Avg: 53 ms/region | ETA: 0s
[0m[32m[2026-06-12 22:36:14.773][T12][INFO ] Progress: 107/109 (98%) | chr4 | Avg: 55 ms/region | ETA: 0s
[0m[32m[2026-06-12 22:36:14.800][T14][INFO ] Progress: 108/109 (99%) | chr20 | Avg: 54 ms/region | ETA: 0s
[0m[32m[2026-06-12 22:36:14.863][T9][INFO ] Progress: 109/109 (100%) | chr21 | Avg: 54 ms/region | ETA: 0s
[0m[32m[2026-06-12 22:36:15.161][T0][INFO ] Completed 109 regions in 6.2s (avg: 57.1 ms/region)
[0m[32m[2026-06-12 22:36:15.161][T0][INFO ] [CovM] Pass 2 diploid_coverage=83.000000x source=auto_kde (KDE mode of NumReads distribution)
[0m[32m[2026-06-12 22:36:15.161][T0][INFO ] Subclone analysis complete: 4 groups from 107 regions
[0m[32m[2026-06-12 22:36:15.249][T0][INFO ] Significance summary written to: /big7_disk/liaoyoyo2001/InterSubMod/output/_tmp_sampling_obs_20260612_2201/fn/significance_summary.csv
[0m[32m[2026-06-12 22:36:15.249][T0][INFO ] Significance statistics summary written to: /big7_disk/liaoyoyo2001/InterSubMod/output/_tmp_sampling_obs_20260612_2201/fn/significance_statistics.txt
[0m[32m[2026-06-12 22:36:15.249][T0][INFO ] 
=== Processing Summary ===
Total regions: 109
Successful: 109
Failed: 0
Total reads processed: 10296
  Forward strand (+): 3520
  Reverse strand (-): 3371
Total CpG sites found: 2253
Total processing time: 156655 ms
Average time per region: 1437.2 ms
Average reads per region: 94.4587
Average CpGs per region: 20.6697

=== Distance Matrix Summary (First Metric) ===
Metric: NHD
Min common coverage (C_min): 3
Regions with distance matrices: 109
Total valid read pairs: 473432
Total invalid pairs (insufficient overlap): 121892
Valid pair ratio: 79.5%
Average common CpG coverage: 13.01

[0m[3] Analysis Complete.
[32m[2026-06-12 22:36:15.249][T0][INFO ] 
=== Processing Summary ===
Total regions: 109
Successful: 109
Failed: 0
Total reads processed: 10296
  Forward strand (+): 3520
  Reverse strand (-): 3371
Total CpG sites found: 2253
Total processing time: 156655 ms
Average time per region: 1437.2 ms
Average reads per region: 94.4587
Average CpGs per region: 20.6697

=== Distance Matrix Summary (First Metric) ===
Metric: NHD
Min common coverage (C_min): 3
Regions with distance matrices: 109
Total valid read pairs: 473432
Total invalid pairs (insufficient overlap): 121892
Valid pair ratio: 79.5%
Average common CpG coverage: 13.01

[0m[32m[2026-06-12 22:36:15.249][T0][INFO ] Total Wall-clock time: 6311.963436 ms
[0m[32m[2026-06-12 22:36:15.249][T0][INFO ] Output directory: /big7_disk/liaoyoyo2001/InterSubMod/output/_tmp_sampling_obs_20260612_2201/fn
[0m[32m[2026-06-12 22:36:15.249][T0][INFO ] DONE : Main Execution (6318 ms)
[0m[Total Execution] Time: 6.5753 s, Memory: 57.05 MB
