--- Configuration ---
Tumor BAM: /big8_disk/liaoyoyo2001/InterSubMod/data/bam/HCC1395/tumor.bam
Normal BAM: /big8_disk/liaoyoyo2001/InterSubMod/data/bam/HCC1395/normal.bam
Reference: /big8_disk/liaoyoyo2001/InterSubMod/data/ref/hg38.fa
Somatic VCF: /big8_disk/liaoyoyo2001/InterSubMod/data/vcf/HCC1395/pileup/filtered_snv_tp.vcf.gz
Output Dir: /big7_disk/liaoyoyo2001/InterSubMod/output/_tmp_sampling_obs_20260612_2201/tp
Window Size: 1000 bp
Min MapQ: 20
Min Read Length: 1000
Methylation Thresholds: Low=0.2, High=0.8
Threads: 40
Distance Metrics: NHD
Full Read Span: Disabled
---------------------
[32m[2026-06-12 22:06:53.434][T0][INFO ] Configuration valid. Starting analysis...
[0m[32m[2026-06-12 22:06:53.434][T0][INFO ] RegionProcessor initialized:
  Threads: 40
  Window size: ±1000 bp
  Log level: 2
  Distance metrics: NHD
  Min common coverage (C_min): 3
  Distance matrix: enabled
  Strand-specific matrices: enabled
  Hierarchical clustering: enabled
  Linkage method: UPGMA
  Clustering min reads: 10
[0m[32m[2026-06-12 22:06:53.434][T0][INFO ] START: Main Execution
[0m[32m[2026-06-12 22:06:53.434][T0][INFO ] [1] Loading SNVs from VCF...
[0m[32m[2026-06-12 22:06:53.434][T0][INFO ] Starting to load SNVs from VCF: /big8_disk/liaoyoyo2001/InterSubMod/data/vcf/HCC1395/pileup/filtered_snv_tp.vcf.gz
[0m[32m[2026-06-12 22:06:53.449][T0][INFO ] Loaded 195 contigs from header.
[0m[32m[2026-06-12 22:06:53.628][T0][INFO ] Finished loading VCF. Loaded: 30490, Skipped: 0
[0m[32m[2026-06-12 22:06:53.628][T0][INFO ] Loaded 30490 SNVs from VCF: /big8_disk/liaoyoyo2001/InterSubMod/data/vcf/HCC1395/pileup/filtered_snv_tp.vcf.gz
[0m[32m[2026-06-12 22:06:53.628][T0][INFO ] [2] Processing 30490 regions...
[0mProcessing 30490 regions with 40 threads...
[32m[2026-06-12 22:06:53.658][T0][INFO ] Processing 30490 regions with 40 threads...
[0m[32m[2026-06-12 22:06:55.480][T7][INFO ] Progress: 1/30490 (0%) | chr1 | Avg: 1822 ms/region | ETA: 15.4 hr
[0m[32m[2026-06-12 22:08:08.836][T12][INFO ] Progress: 1525/30490 (5%) | chr1 | Avg: 49 ms/region | ETA: 23.8 min
[0m[32m[2026-06-12 22:09:01.657][T32][INFO ] Progress: 2610/30490 (8%) | chr10 | Avg: 49 ms/region | ETA: 22.8 min
[0m[32m[2026-06-12 22:09:01.669][T2][INFO ] Progress: 2611/30490 (8%) | chr1 | Avg: 49 ms/region | ETA: 22.8 min
[0m[32m[2026-06-12 22:09:01.742][T24][INFO ] Progress: 2613/30490 (8%) | chr10 | Avg: 49 ms/region | ETA: 22.8 min
[0m[32m[2026-06-12 22:09:01.807][T15][INFO ] Progress: 2614/30490 (8%) | chr1 | Avg: 49 ms/region | ETA: 22.8 min
[0m[32m[2026-06-12 22:09:01.929][T13][INFO ] Progress: 2617/30490 (8%) | chr10 | Avg: 49 ms/region | ETA: 22.8 min
[0m[32m[2026-06-12 22:09:01.972][T29][INFO ] Progress: 2618/30490 (8%) | chr1 | Avg: 49 ms/region | ETA: 22.8 min
[0m[32m[2026-06-12 22:09:02.006][T8][INFO ] Progress: 2620/30490 (8%) | chr10 | Avg: 49 ms/region | ETA: 22.8 min
[0m[32m[2026-06-12 22:09:02.081][T27][INFO ] Progress: 2621/30490 (8%) | chr1 | Avg: 49 ms/region | ETA: 22.8 min
[0m[32m[2026-06-12 22:09:02.145][T0][INFO ] Progress: 2622/30490 (8%) | chr10 | Avg: 49 ms/region | ETA: 22.8 min
[0m[32m[2026-06-12 22:09:02.220][T21][INFO ] Progress: 2626/30490 (8%) | chr1 | Avg: 49 ms/region | ETA: 22.7 min
[0m[32m[2026-06-12 22:09:02.243][T37][INFO ] Progress: 2627/30490 (8%) | chr10 | Avg: 49 ms/region | ETA: 22.7 min
[0m[32m[2026-06-12 22:09:02.362][T36][INFO ] Progress: 2631/30490 (8%) | chr1 | Avg: 49 ms/region | ETA: 22.7 min
[0m[32m[2026-06-12 22:09:02.363][T16][INFO ] Progress: 2632/30490 (8%) | chr10 | Avg: 49 ms/region | ETA: 22.7 min
[0m[32m[2026-06-12 22:09:02.400][T12][INFO ] Progress: 2634/30490 (8%) | chr1 | Avg: 49 ms/region | ETA: 22.7 min
[0m[32m[2026-06-12 22:09:02.440][T26][INFO ] Progress: 2636/30490 (8%) | chr10 | Avg: 49 ms/region | ETA: 22.7 min
[0m[32m[2026-06-12 22:09:02.472][T7][INFO ] Progress: 2637/30490 (8%) | chr1 | Avg: 49 ms/region | ETA: 22.7 min
[0m[32m[2026-06-12 22:09:02.529][T11][INFO ] Progress: 2639/30490 (8%) | chr10 | Avg: 49 ms/region | ETA: 22.7 min
[0m[32m[2026-06-12 22:09:04.178][T18][INFO ] Progress: 2666/30490 (8%) | chr1 | Avg: 49 ms/region | ETA: 22.7 min
[0m[32m[2026-06-12 22:09:04.178][T35][INFO ] Progress: 2667/30490 (8%) | chr10 | Avg: 49 ms/region | ETA: 22.7 min
[0m[32m[2026-06-12 22:10:09.745][T8][INFO ] Progress: 3911/30490 (12%) | chr11 | Avg: 50 ms/region | ETA: 22.2 min
[0m[32m[2026-06-12 22:10:09.792][T29][INFO ] Progress: 3912/30490 (12%) | chr10 | Avg: 50 ms/region | ETA: 22.2 min
[0m[32m[2026-06-12 22:10:09.823][T2][INFO ] Progress: 3914/30490 (12%) | chr11 | Avg: 50 ms/region | ETA: 22.2 min
[0m[32m[2026-06-12 22:10:09.969][T36][INFO ] Progress: 3917/30490 (12%) | chr10 | Avg: 50 ms/region | ETA: 22.2 min
[0m[32m[2026-06-12 22:10:10.018][T38][INFO ] Progress: 3918/30490 (12%) | chr11 | Avg: 50 ms/region | ETA: 22.2 min
[0m[32m[2026-06-12 22:10:10.023][T5][INFO ] Progress: 3919/30490 (12%) | chr10 | Avg: 50 ms/region | ETA: 22.2 min
[0m[32m[2026-06-12 22:10:10.128][T31][INFO ] Progress: 3920/30490 (12%) | chr11 | Avg: 50 ms/region | ETA: 22.2 min
[0m[32m[2026-06-12 22:10:10.150][T39][INFO ] Progress: 3922/30490 (12%) | chr10 | Avg: 50 ms/region | ETA: 22.2 min
[0m[32m[2026-06-12 22:10:10.162][T11][INFO ] Progress: 3923/30490 (12%) | chr11 | Avg: 50 ms/region | ETA: 22.2 min
[0m[32m[2026-06-12 22:10:10.163][T9][INFO ] Progress: 3924/30490 (12%) | chr10 | Avg: 50 ms/region | ETA: 22.2 min
[0m[32m[2026-06-12 22:10:10.264][T1][INFO ] Progress: 3926/30490 (12%) | chr11 | Avg: 50 ms/region | ETA: 22.2 min
[0m[32m[2026-06-12 22:10:10.298][T22][INFO ] Progress: 3928/30490 (12%) | chr10 | Avg: 50 ms/region | ETA: 22.2 min
[0m[32m[2026-06-12 22:10:10.397][T30][INFO ] Progress: 3932/30490 (12%) | chr11 | Avg: 50 ms/region | ETA: 22.1 min
[0m[32m[2026-06-12 22:10:10.602][T12][INFO ] Progress: 3939/30490 (12%) | chr10 | Avg: 50 ms/region | ETA: 22.1 min
[0m[32m[2026-06-12 22:10:10.764][T6][INFO ] Progress: 3942/30490 (12%) | chr11 | Avg: 50 ms/region | ETA: 22.1 min
[0m[32m[2026-06-12 22:10:10.777][T35][INFO ] Progress: 3943/30490 (12%) | chr10 | Avg: 50 ms/region | ETA: 22.1 min
[0m[32m[2026-06-12 22:10:10.863][T38][INFO ] Progress: 3945/30490 (12%) | chr11 | Avg: 50 ms/region | ETA: 22.1 min
[0m[32m[2026-06-12 22:10:10.901][T32][INFO ] Progress: 3946/30490 (12%) | chr10 | Avg: 50 ms/region | ETA: 22.1 min
[0m[32m[2026-06-12 22:10:10.913][T21][INFO ] Progress: 3947/30490 (12%) | chr11 | Avg: 50 ms/region | ETA: 22.1 min
[0m[32m[2026-06-12 22:10:11.247][T27][INFO ] Progress: 3957/30490 (12%) | chr10 | Avg: 50 ms/region | ETA: 22.1 min
[0m[32m[2026-06-12 22:10:11.253][T28][INFO ] Progress: 3958/30490 (12%) | chr11 | Avg: 50 ms/region | ETA: 22.1 min
[0m[32m[2026-06-12 22:11:08.157][T29][INFO ] Progress: 5120/30490 (16%) | chr12 | Avg: 50 ms/region | ETA: 21.0 min
[0m[32m[2026-06-12 22:12:08.701][T4][INFO ] Progress: 6403/30490 (21%) | chr12 | Avg: 49 ms/region | ETA: 19.8 min
[0m[32m[2026-06-12 22:12:12.554][T27][INFO ] Progress: 6490/30490 (21%) | chr13 | Avg: 49 ms/region | ETA: 19.7 min
[0m[32m[2026-06-12 22:12:12.588][T14][INFO ] Progress: 6491/30490 (21%) | chr12 | Avg: 49 ms/region | ETA: 19.7 min
[0m[32m[2026-06-12 22:12:13.303][T19][INFO ] Progress: 6504/30490 (21%) | chr13 | Avg: 49 ms/region | ETA: 19.6 min
[0m[32m[2026-06-12 22:12:13.419][T39][INFO ] Progress: 6505/30490 (21%) | chr12 | Avg: 49 ms/region | ETA: 19.7 min
[0m[32m[2026-06-12 22:12:13.456][T4][INFO ] Progress: 6506/30490 (21%) | chr13 | Avg: 49 ms/region | ETA: 19.6 min
[0m[32m[2026-06-12 22:12:13.638][T10][INFO ] Progress: 6517/30490 (21%) | chr12 | Avg: 49 ms/region | ETA: 19.6 min
[0m[32m[2026-06-12 22:12:13.702][T33][INFO ] Progress: 6518/30490 (21%) | chr13 | Avg: 49 ms/region | ETA: 19.6 min
[0m[32m[2026-06-12 22:12:13.889][T3][INFO ] Progress: 6522/30490 (21%) | chr12 | Avg: 49 ms/region | ETA: 19.6 min
[0m[32m[2026-06-12 22:12:13.927][T36][INFO ] Progress: 6523/30490 (21%) | chr13 | Avg: 49 ms/region | ETA: 19.6 min
[0m[32m[2026-06-12 22:12:13.966][T28][INFO ] Progress: 6524/30490 (21%) | chr12 | Avg: 49 ms/region | ETA: 19.6 min
[0m[32m[2026-06-12 22:12:14.151][T22][INFO ] Progress: 6526/30490 (21%) | chr13 | Avg: 49 ms/region | ETA: 19.6 min
[0m[32m[2026-06-12 22:12:54.711][T20][INFO ] Progress: 7403/30490 (24%) | chr14 | Avg: 49 ms/region | ETA: 18.8 min
[0m[32m[2026-06-12 22:13:59.737][T39][INFO ] Progress: 8594/30490 (28%) | chr15 | Avg: 50 ms/region | ETA: 18.1 min
[0m[32m[2026-06-12 22:13:59.851][T1][INFO ] Progress: 8595/30490 (28%) | chr14 | Avg: 50 ms/region | ETA: 18.1 min
[0m[32m[2026-06-12 22:14:00.422][T27][INFO ] Progress: 8598/30490 (28%) | chr15 | Avg: 50 ms/region | ETA: 18.1 min
[0m[32m[2026-06-12 22:14:00.712][T25][INFO ] Progress: 8615/30490 (28%) | chr14 | Avg: 50 ms/region | ETA: 18.1 min
[0m[32m[2026-06-12 22:14:00.857][T16][INFO ] Progress: 8616/30490 (28%) | chr15 | Avg: 50 ms/region | ETA: 18.1 min
[0m[32m[2026-06-12 22:14:00.914][T9][INFO ] Progress: 8618/30490 (28%) | chr14 | Avg: 50 ms/region | ETA: 18.1 min
[0m[32m[2026-06-12 22:14:00.994][T12][INFO ] Progress: 8619/30490 (28%) | chr15 | Avg: 50 ms/region | ETA: 18.1 min
[0m[32m[2026-06-12 22:14:53.308][T33][INFO ] Progress: 9601/30490 (31%) | chr16 | Avg: 50 ms/region | ETA: 17.4 min
[0m[32m[2026-06-12 22:14:53.392][T3][INFO ] Progress: 9602/30490 (31%) | chr15 | Avg: 50 ms/region | ETA: 17.4 min
[0m[32m[2026-06-12 22:14:53.464][T10][INFO ] Progress: 9603/30490 (31%) | chr16 | Avg: 50 ms/region | ETA: 17.4 min
[0m[32m[2026-06-12 22:14:53.546][T1][INFO ] Progress: 9606/30490 (31%) | chr15 | Avg: 50 ms/region | ETA: 17.4 min
[0m[32m[2026-06-12 22:14:53.553][T38][INFO ] Progress: 9607/30490 (31%) | chr16 | Avg: 50 ms/region | ETA: 17.4 min
[0m[32m[2026-06-12 22:14:53.735][T22][INFO ] Progress: 9613/30490 (31%) | chr15 | Avg: 50 ms/region | ETA: 17.4 min
[0m[32m[2026-06-12 22:14:53.754][T12][INFO ] Progress: 9615/30490 (31%) | chr16 | Avg: 50 ms/region | ETA: 17.4 min
[0m[32m[2026-06-12 22:14:53.887][T25][INFO ] Progress: 9617/30490 (31%) | chr15 | Avg: 50 ms/region | ETA: 17.4 min
[0m[32m[2026-06-12 22:14:53.906][T31][INFO ] Progress: 9618/30490 (31%) | chr16 | Avg: 50 ms/region | ETA: 17.4 min
[0m[32m[2026-06-12 22:14:53.907][T20][INFO ] Progress: 9619/30490 (31%) | chr15 | Avg: 50 ms/region | ETA: 17.4 min
[0m[32m[2026-06-12 22:14:53.953][T16][INFO ] Progress: 9621/30490 (31%) | chr16 | Avg: 50 ms/region | ETA: 17.4 min
[0m[32m[2026-06-12 22:15:24.023][T23][INFO ] Progress: 10236/30490 (33%) | chr17 | Avg: 50 ms/region | ETA: 16.8 min
[0m[32m[2026-06-12 22:15:24.026][T27][INFO ] Progress: 10237/30490 (33%) | chr16 | Avg: 50 ms/region | ETA: 16.8 min
[0m[32m[2026-06-12 22:15:24.117][T3][INFO ] Progress: 10242/30490 (33%) | chr17 | Avg: 50 ms/region | ETA: 16.8 min
[0m[32m[2026-06-12 22:15:27.564][T25][INFO ] Progress: 10299/30490 (33%) | chr16 | Avg: 50 ms/region | ETA: 16.8 min
[0m[32m[2026-06-12 22:15:27.579][T31][INFO ] Progress: 10300/30490 (33%) | chr17 | Avg: 50 ms/region | ETA: 16.8 min
[0m[32m[2026-06-12 22:15:27.591][T21][INFO ] Progress: 10301/30490 (33%) | chr16 | Avg: 50 ms/region | ETA: 16.8 min
[0m[32m[2026-06-12 22:15:27.600][T14][INFO ] Progress: 10302/30490 (33%) | chr17 | Avg: 50 ms/region | ETA: 16.8 min
[0m[32m[2026-06-12 22:16:06.608][T15][INFO ] Progress: 11072/30490 (36%) | chr18 | Avg: 50 ms/region | ETA: 16.2 min
[0m[32m[2026-06-12 22:16:06.625][T5][INFO ] Progress: 11073/30490 (36%) | chr17 | Avg: 50 ms/region | ETA: 16.2 min
[0m[32m[2026-06-12 22:16:07.454][T33][INFO ] Progress: 11080/30490 (36%) | chr18 | Avg: 50 ms/region | ETA: 16.2 min
[0m[32m[2026-06-12 22:16:07.503][T24][INFO ] Progress: 11083/30490 (36%) | chr17 | Avg: 50 ms/region | ETA: 16.2 min
[0m[32m[2026-06-12 22:16:07.504][T11][INFO ] Progress: 11084/30490 (36%) | chr18 | Avg: 50 ms/region | ETA: 16.2 min
[0m[32m[2026-06-12 22:16:07.792][T38][INFO ] Progress: 11090/30490 (36%) | chr17 | Avg: 50 ms/region | ETA: 16.2 min
[0m[32m[2026-06-12 22:16:07.872][T10][INFO ] Progress: 11091/30490 (36%) | chr18 | Avg: 50 ms/region | ETA: 16.2 min
[0m[32m[2026-06-12 22:16:07.892][T30][INFO ] Progress: 11092/30490 (36%) | chr17 | Avg: 50 ms/region | ETA: 16.2 min
[0m[32m[2026-06-12 22:16:07.949][T26][INFO ] Progress: 11094/30490 (36%) | chr18 | Avg: 50 ms/region | ETA: 16.2 min
[0m[32m[2026-06-12 22:16:08.158][T32][INFO ] Progress: 11104/30490 (36%) | chr17 | Avg: 50 ms/region | ETA: 16.1 min
[0m[32m[2026-06-12 22:16:08.173][T35][INFO ] Progress: 11105/30490 (36%) | chr18 | Avg: 50 ms/region | ETA: 16.1 min
[0m[32m[2026-06-12 22:16:08.245][T27][INFO ] Progress: 11109/30490 (36%) | chr17 | Avg: 50 ms/region | ETA: 16.1 min
[0m[32m[2026-06-12 22:16:08.297][T1][INFO ] Progress: 11111/30490 (36%) | chr18 | Avg: 50 ms/region | ETA: 16.1 min
[0m[32m[2026-06-12 22:16:08.857][T34][INFO ] Progress: 11117/30490 (36%) | chr17 | Avg: 50 ms/region | ETA: 16.1 min
[0m[32m[2026-06-12 22:16:08.865][T4][INFO ] Progress: 11118/30490 (36%) | chr18 | Avg: 50 ms/region | ETA: 16.1 min
[0m[32m[2026-06-12 22:16:52.853][T11][INFO ] Progress: 11953/30490 (39%) | chr19 | Avg: 50 ms/region | ETA: 15.5 min
[0m[32m[2026-06-12 22:16:52.885][T13][INFO ] Progress: 11954/30490 (39%) | chr18 | Avg: 50 ms/region | ETA: 15.5 min
[0m[32m[2026-06-12 22:16:52.940][T28][INFO ] Progress: 11955/30490 (39%) | chr19 | Avg: 50 ms/region | ETA: 15.5 min
[0m[32m[2026-06-12 22:16:52.954][T3][INFO ] Progress: 11956/30490 (39%) | chr18 | Avg: 50 ms/region | ETA: 15.5 min
[0m[32m[2026-06-12 22:16:53.020][T32][INFO ] Progress: 11960/30490 (39%) | chr19 | Avg: 50 ms/region | ETA: 15.5 min
[0m[32m[2026-06-12 22:16:53.077][T21][INFO ] Progress: 11961/30490 (39%) | chr18 | Avg: 50 ms/region | ETA: 15.5 min
[0m[32m[2026-06-12 22:16:53.127][T31][INFO ] Progress: 11964/30490 (39%) | chr19 | Avg: 50 ms/region | ETA: 15.5 min
[0m[32m[2026-06-12 22:16:53.128][T10][INFO ] Progress: 11965/30490 (39%) | chr18 | Avg: 50 ms/region | ETA: 15.5 min
[0m[32m[2026-06-12 22:16:53.162][T18][INFO ] Progress: 11966/30490 (39%) | chr19 | Avg: 50 ms/region | ETA: 15.5 min
[0m[32m[2026-06-12 22:16:53.329][T0][INFO ] Progress: 11974/30490 (39%) | chr18 | Avg: 50 ms/region | ETA: 15.5 min
[0m[32m[2026-06-12 22:16:53.345][T9][INFO ] Progress: 11975/30490 (39%) | chr19 | Avg: 50 ms/region | ETA: 15.5 min
[0m[32m[2026-06-12 22:17:26.419][T16][INFO ] Progress: 12634/30490 (41%) | chr2 | Avg: 50 ms/region | ETA: 14.9 min
[0m[32m[2026-06-12 22:17:26.484][T21][INFO ] Progress: 12636/30490 (41%) | chr19 | Avg: 50 ms/region | ETA: 14.9 min
[0m[32m[2026-06-12 22:17:26.484][T37][INFO ] Progress: 12637/30490 (41%) | chr2 | Avg: 50 ms/region | ETA: 14.9 min
[0m[32m[2026-06-12 22:18:29.737][T2][INFO ] Progress: 14026/30490 (46%) | chr2 | Avg: 50 ms/region | ETA: 13.6 min
[0m[32m[2026-06-12 22:19:33.547][T4][INFO ] Progress: 15305/30490 (50%) | chr20 | Avg: 50 ms/region | ETA: 12.6 min
[0m[32m[2026-06-12 22:19:33.663][T7][INFO ] Progress: 15307/30490 (50%) | chr2 | Avg: 50 ms/region | ETA: 12.6 min
[0m[32m[2026-06-12 22:19:33.741][T9][INFO ] Progress: 15308/30490 (50%) | chr20 | Avg: 50 ms/region | ETA: 12.6 min
[0m[32m[2026-06-12 22:19:33.811][T20][INFO ] Progress: 15312/30490 (50%) | chr2 | Avg: 50 ms/region | ETA: 12.6 min
[0m[32m[2026-06-12 22:19:33.858][T12][INFO ] Progress: 15313/30490 (50%) | chr20 | Avg: 50 ms/region | ETA: 12.6 min
[0m[32m[2026-06-12 22:20:22.545][T8][INFO ] Progress: 16162/30490 (53%) | chr21 | Avg: 50 ms/region | ETA: 12.0 min
[0m[32m[2026-06-12 22:20:22.641][T13][INFO ] Progress: 16163/30490 (53%) | chr20 | Avg: 50 ms/region | ETA: 12.0 min
[0m[32m[2026-06-12 22:20:22.716][T36][INFO ] Progress: 16164/30490 (53%) | chr21 | Avg: 50 ms/region | ETA: 12.0 min
[0m[32m[2026-06-12 22:20:22.829][T23][INFO ] Progress: 16165/30490 (53%) | chr20 | Avg: 50 ms/region | ETA: 12.0 min
[0m[32m[2026-06-12 22:20:22.857][T29][INFO ] Progress: 16167/30490 (53%) | chr21 | Avg: 50 ms/region | ETA: 11.9 min
[0m[32m[2026-06-12 22:20:23.670][T1][INFO ] Progress: 16188/30490 (53%) | chr20 | Avg: 50 ms/region | ETA: 11.9 min
[0m[32m[2026-06-12 22:20:23.677][T5][INFO ] Progress: 16189/30490 (53%) | chr21 | Avg: 50 ms/region | ETA: 11.9 min
[0m[32m[2026-06-12 22:20:37.805][T32][INFO ] Progress: 16531/30490 (54%) | chr22 | Avg: 50 ms/region | ETA: 11.6 min
[0m[32m[2026-06-12 22:20:37.880][T35][INFO ] Progress: 16532/30490 (54%) | chr21 | Avg: 50 ms/region | ETA: 11.6 min
[0m[32m[2026-06-12 22:20:38.264][T34][INFO ] Progress: 16537/30490 (54%) | chr22 | Avg: 50 ms/region | ETA: 11.6 min
[0m[32m[2026-06-12 22:20:38.396][T11][INFO ] Progress: 16540/30490 (54%) | chr21 | Avg: 50 ms/region | ETA: 11.6 min
[0m[32m[2026-06-12 22:20:38.408][T7][INFO ] Progress: 16542/30490 (54%) | chr22 | Avg: 50 ms/region | ETA: 11.6 min
[0m[32m[2026-06-12 22:20:38.429][T29][INFO ] Progress: 16543/30490 (54%) | chr21 | Avg: 50 ms/region | ETA: 11.6 min
[0m[32m[2026-06-12 22:20:38.495][T37][INFO ] Progress: 16544/30490 (54%) | chr22 | Avg: 50 ms/region | ETA: 11.6 min
[0m[32m[2026-06-12 22:20:38.867][T20][INFO ] Progress: 16556/30490 (54%) | chr21 | Avg: 50 ms/region | ETA: 11.6 min
[0m[32m[2026-06-12 22:20:38.949][T6][INFO ] Progress: 16559/30490 (54%) | chr22 | Avg: 50 ms/region | ETA: 11.6 min
[0m[32m[2026-06-12 22:21:07.257][T24][INFO ] Progress: 16995/30490 (55%) | chr3 | Avg: 50 ms/region | ETA: 11.3 min
[0m[32m[2026-06-12 22:21:07.329][T21][INFO ] Progress: 16996/30490 (55%) | chr22 | Avg: 50 ms/region | ETA: 11.3 min
[0m[32m[2026-06-12 22:21:07.415][T30][INFO ] Progress: 16999/30490 (55%) | chr3 | Avg: 50 ms/region | ETA: 11.3 min
[0m[32m[2026-06-12 22:21:07.496][T10][INFO ] Progress: 17001/30490 (55%) | chr22 | Avg: 50 ms/region | ETA: 11.3 min
[0m[32m[2026-06-12 22:21:07.505][T0][INFO ] Progress: 17002/30490 (55%) | chr3 | Avg: 50 ms/region | ETA: 11.3 min
[0m[32m[2026-06-12 22:21:07.505][T28][INFO ] Progress: 17003/30490 (55%) | chr22 | Avg: 50 ms/region | ETA: 11.3 min
[0m[32m[2026-06-12 22:21:07.581][T39][INFO ] Progress: 17006/30490 (55%) | chr3 | Avg: 50 ms/region | ETA: 11.3 min
[0m[32m[2026-06-12 22:21:07.639][T5][INFO ] Progress: 17008/30490 (55%) | chr22 | Avg: 50 ms/region | ETA: 11.3 min
[0m[32m[2026-06-12 22:21:07.736][T22][INFO ] Progress: 17009/30490 (55%) | chr3 | Avg: 50 ms/region | ETA: 11.3 min
[0m[32m[2026-06-12 22:21:07.754][T27][INFO ] Progress: 17011/30490 (55%) | chr22 | Avg: 50 ms/region | ETA: 11.3 min
[0m[32m[2026-06-12 22:21:07.864][T37][INFO ] Progress: 17014/30490 (55%) | chr3 | Avg: 50 ms/region | ETA: 11.3 min
[0m[32m[2026-06-12 22:21:07.869][T3][INFO ] Progress: 17016/30490 (55%) | chr22 | Avg: 50 ms/region | ETA: 11.3 min
[0m[32m[2026-06-12 22:21:07.870][T35][INFO ] Progress: 17017/30490 (55%) | chr3 | Avg: 50 ms/region | ETA: 11.3 min
[0m[32m[2026-06-12 22:21:07.878][T32][INFO ] Progress: 17018/30490 (55%) | chr22 | Avg: 50 ms/region | ETA: 11.3 min
[0m[32m[2026-06-12 22:21:07.889][T38][INFO ] Progress: 17019/30490 (55%) | chr3 | Avg: 50 ms/region | ETA: 11.3 min
[0m[32m[2026-06-12 22:21:07.919][T7][INFO ] Progress: 17020/30490 (55%) | chr22 | Avg: 50 ms/region | ETA: 11.3 min
[0m[32m[2026-06-12 22:21:07.979][T13][INFO ] Progress: 17021/30490 (55%) | chr3 | Avg: 50 ms/region | ETA: 11.3 min
[0m[32m[2026-06-12 22:21:08.027][T26][INFO ] Progress: 17022/30490 (55%) | chr22 | Avg: 50 ms/region | ETA: 11.3 min
[0m[32m[2026-06-12 22:21:08.116][T20][INFO ] Progress: 17023/30490 (55%) | chr3 | Avg: 50 ms/region | ETA: 11.3 min
[0m[32m[2026-06-12 22:21:08.768][T6][INFO ] Progress: 17030/30490 (55%) | chr22 | Avg: 50 ms/region | ETA: 11.3 min
[0m[32m[2026-06-12 22:21:08.973][T21][INFO ] Progress: 17031/30490 (55%) | chr3 | Avg: 50 ms/region | ETA: 11.3 min
[0m[32m[2026-06-12 22:21:09.039][T23][INFO ] Progress: 17033/30490 (55%) | chr22 | Avg: 50 ms/region | ETA: 11.3 min
[0m[32m[2026-06-12 22:21:09.045][T0][INFO ] Progress: 17034/30490 (55%) | chr3 | Avg: 50 ms/region | ETA: 11.3 min
[0m[32m[2026-06-12 22:21:09.064][T11][INFO ] Progress: 17035/30490 (55%) | chr22 | Avg: 50 ms/region | ETA: 11.3 min
[0m[32m[2026-06-12 22:21:09.138][T12][INFO ] Progress: 17036/30490 (55%) | chr3 | Avg: 50 ms/region | ETA: 11.3 min
[0m[32m[2026-06-12 22:22:12.924][T22][INFO ] Progress: 18294/30490 (60%) | chr3 | Avg: 50 ms/region | ETA: 10.2 min
[0m[32m[2026-06-12 22:22:55.481][T18][INFO ] Progress: 19113/30490 (62%) | chr4 | Avg: 50 ms/region | ETA: 9.5 min
[0m[32m[2026-06-12 22:22:55.840][T6][INFO ] Progress: 19120/30490 (62%) | chr3 | Avg: 50 ms/region | ETA: 9.5 min
[0m[32m[2026-06-12 22:22:55.849][T21][INFO ] Progress: 19121/30490 (62%) | chr4 | Avg: 50 ms/region | ETA: 9.5 min
[0m[32m[2026-06-12 22:22:56.152][T39][INFO ] Progress: 19129/30490 (62%) | chr3 | Avg: 50 ms/region | ETA: 9.5 min
[0m[32m[2026-06-12 22:22:56.154][T33][INFO ] Progress: 19130/30490 (62%) | chr4 | Avg: 50 ms/region | ETA: 9.5 min
[0m[32m[2026-06-12 22:22:56.295][T23][INFO ] Progress: 19135/30490 (62%) | chr3 | Avg: 50 ms/region | ETA: 9.5 min
[0m[32m[2026-06-12 22:22:56.352][T28][INFO ] Progress: 19136/30490 (62%) | chr4 | Avg: 50 ms/region | ETA: 9.5 min
[0m[32m[2026-06-12 22:22:58.207][T29][INFO ] Progress: 19181/30490 (62%) | chr3 | Avg: 50 ms/region | ETA: 9.5 min
[0m[32m[2026-06-12 22:22:58.210][T38][INFO ] Progress: 19182/30490 (62%) | chr4 | Avg: 50 ms/region | ETA: 9.5 min
[0m[32m[2026-06-12 22:23:54.404][T14][INFO ] Progress: 20429/30490 (67%) | chr4 | Avg: 50 ms/region | ETA: 8.4 min
[0m[32m[2026-06-12 22:24:40.334][T16][INFO ] Progress: 21371/30490 (70%) | chr5 | Avg: 50 ms/region | ETA: 7.6 min
[0m[32m[2026-06-12 22:24:52.277][T1][INFO ] Progress: 21549/30490 (70%) | chr4 | Avg: 50 ms/region | ETA: 7.5 min
[0m[32m[2026-06-12 22:24:52.446][T26][INFO ] Progress: 21550/30490 (70%) | chr5 | Avg: 50 ms/region | ETA: 7.5 min
[0m[32m[2026-06-12 22:24:52.669][T8][INFO ] Progress: 21554/30490 (70%) | chr4 | Avg: 50 ms/region | ETA: 7.5 min
[0m[32m[2026-06-12 22:24:52.721][T2][INFO ] Progress: 21555/30490 (70%) | chr5 | Avg: 50 ms/region | ETA: 7.5 min
[0m[32m[2026-06-12 22:24:53.694][T4][INFO ] Progress: 21581/30490 (70%) | chr4 | Avg: 50 ms/region | ETA: 7.4 min
[0m[32m[2026-06-12 22:24:53.847][T22][INFO ] Progress: 21582/30490 (70%) | chr5 | Avg: 50 ms/region | ETA: 7.4 min
[0m[32m[2026-06-12 22:25:59.945][T1][INFO ] Progress: 22868/30490 (75%) | chr5 | Avg: 50 ms/region | ETA: 6.4 min
[0m[32m[2026-06-12 22:26:29.528][T16][INFO ] Progress: 23418/30490 (76%) | chr6 | Avg: 50 ms/region | ETA: 5.9 min
[0m[32m[2026-06-12 22:26:29.554][T5][INFO ] Progress: 23419/30490 (76%) | chr5 | Avg: 50 ms/region | ETA: 5.9 min
[0m[32m[2026-06-12 22:26:29.779][T32][INFO ] Progress: 23420/30490 (76%) | chr6 | Avg: 50 ms/region | ETA: 5.9 min
[0m[32m[2026-06-12 22:26:29.990][T24][INFO ] Progress: 23426/30490 (76%) | chr5 | Avg: 50 ms/region | ETA: 5.9 min
[0m[32m[2026-06-12 22:26:30.025][T28][INFO ] Progress: 23428/30490 (76%) | chr6 | Avg: 50 ms/region | ETA: 5.9 min
[0m[32m[2026-06-12 22:27:30.483][T17][INFO ] Progress: 24650/30490 (80%) | chr7 | Avg: 50 ms/region | ETA: 4.9 min
[0m[32m[2026-06-12 22:27:30.546][T30][INFO ] Progress: 24651/30490 (80%) | chr6 | Avg: 50 ms/region | ETA: 4.9 min
[0m[32m[2026-06-12 22:27:30.896][T10][INFO ] Progress: 24657/30490 (80%) | chr7 | Avg: 50 ms/region | ETA: 4.9 min
[0m[32m[2026-06-12 22:27:30.943][T11][INFO ] Progress: 24658/30490 (80%) | chr6 | Avg: 50 ms/region | ETA: 4.9 min
[0m[32m[2026-06-12 22:27:31.419][T13][INFO ] Progress: 24660/30490 (80%) | chr7 | Avg: 50 ms/region | ETA: 4.9 min
[0m[32m[2026-06-12 22:27:31.521][T25][INFO ] Progress: 24662/30490 (80%) | chr6 | Avg: 50 ms/region | ETA: 4.9 min
[0m[32m[2026-06-12 22:27:31.545][T1][INFO ] Progress: 24663/30490 (80%) | chr7 | Avg: 50 ms/region | ETA: 4.9 min
[0m[32m[2026-06-12 22:27:31.568][T2][INFO ] Progress: 24664/30490 (80%) | chr6 | Avg: 50 ms/region | ETA: 4.9 min
[0m[32m[2026-06-12 22:27:31.612][T14][INFO ] Progress: 24665/30490 (80%) | chr7 | Avg: 50 ms/region | ETA: 4.9 min
[0m[32m[2026-06-12 22:28:44.243][T5][INFO ] Progress: 25917/30490 (85%) | chr7 | Avg: 51 ms/region | ETA: 3.9 min
[0m[32m[2026-06-12 22:30:12.769][T20][INFO ] Progress: 27065/30490 (88%) | chr8 | Avg: 52 ms/region | ETA: 3.0 min
[0m[32m[2026-06-12 22:30:12.971][T29][INFO ] Progress: 27066/30490 (88%) | chr7 | Avg: 52 ms/region | ETA: 3.0 min
[0m[32m[2026-06-12 22:30:13.011][T13][INFO ] Progress: 27068/30490 (88%) | chr8 | Avg: 52 ms/region | ETA: 2.9 min
[0m[32m[2026-06-12 22:30:13.143][T17][INFO ] Progress: 27070/30490 (88%) | chr7 | Avg: 52 ms/region | ETA: 2.9 min
[0m[32m[2026-06-12 22:30:13.172][T6][INFO ] Progress: 27071/30490 (88%) | chr8 | Avg: 52 ms/region | ETA: 2.9 min
[0m[32m[2026-06-12 22:30:13.261][T10][INFO ] Progress: 27073/30490 (88%) | chr7 | Avg: 52 ms/region | ETA: 2.9 min
[0m[32m[2026-06-12 22:30:13.358][T31][INFO ] Progress: 27075/30490 (88%) | chr8 | Avg: 52 ms/region | ETA: 2.9 min
[0m[32m[2026-06-12 22:30:13.455][T19][INFO ] Progress: 27077/30490 (88%) | chr7 | Avg: 52 ms/region | ETA: 2.9 min
[0m[32m[2026-06-12 22:30:13.585][T30][INFO ] Progress: 27080/30490 (88%) | chr8 | Avg: 52 ms/region | ETA: 2.9 min
[0m[32m[2026-06-12 22:30:13.636][T35][INFO ] Progress: 27081/30490 (88%) | chr7 | Avg: 52 ms/region | ETA: 2.9 min
[0m[32m[2026-06-12 22:30:13.730][T11][INFO ] Progress: 27083/30490 (88%) | chr8 | Avg: 52 ms/region | ETA: 2.9 min
[0m[32m[2026-06-12 22:30:13.751][T2][INFO ] Progress: 27084/30490 (88%) | chr7 | Avg: 52 ms/region | ETA: 2.9 min
[0m[32m[2026-06-12 22:30:13.859][T0][INFO ] Progress: 27085/30490 (88%) | chr8 | Avg: 52 ms/region | ETA: 2.9 min
[0m[32m[2026-06-12 22:30:13.990][T9][INFO ] Progress: 27087/30490 (88%) | chr7 | Avg: 52 ms/region | ETA: 2.9 min
[0m[32m[2026-06-12 22:30:14.164][T13][INFO ] Progress: 27088/30490 (88%) | chr8 | Avg: 52 ms/region | ETA: 2.9 min
[0m[32m[2026-06-12 22:30:14.298][T15][INFO ] Progress: 27089/30490 (88%) | chr7 | Avg: 52 ms/region | ETA: 2.9 min
[0m[32m[2026-06-12 22:30:14.312][T10][INFO ] Progress: 27091/30490 (88%) | chr8 | Avg: 52 ms/region | ETA: 2.9 min
[0m[32m[2026-06-12 22:30:14.381][T22][INFO ] Progress: 27093/30490 (88%) | chr7 | Avg: 52 ms/region | ETA: 2.9 min
[0m[32m[2026-06-12 22:30:14.450][T8][INFO ] Progress: 27096/30490 (88%) | chr8 | Avg: 52 ms/region | ETA: 2.9 min
[0m[32m[2026-06-12 22:30:14.537][T33][INFO ] Progress: 27099/30490 (88%) | chr7 | Avg: 52 ms/region | ETA: 2.9 min
[0m[32m[2026-06-12 22:30:14.575][T3][INFO ] Progress: 27100/30490 (88%) | chr8 | Avg: 52 ms/region | ETA: 2.9 min
[0m[32m[2026-06-12 22:30:14.606][T18][INFO ] Progress: 27102/30490 (88%) | chr7 | Avg: 52 ms/region | ETA: 2.9 min
[0m[32m[2026-06-12 22:30:14.772][T20][INFO ] Progress: 27103/30490 (88%) | chr8 | Avg: 52 ms/region | ETA: 2.9 min
[0m[32m[2026-06-12 22:30:14.996][T21][INFO ] Progress: 27107/30490 (88%) | chr7 | Avg: 52 ms/region | ETA: 2.9 min
[0m[32m[2026-06-12 22:30:15.018][T11][INFO ] Progress: 27108/30490 (88%) | chr8 | Avg: 52 ms/region | ETA: 2.9 min
[0m[32m[2026-06-12 22:30:15.091][T26][INFO ] Progress: 27112/30490 (88%) | chr7 | Avg: 52 ms/region | ETA: 2.9 min
[0m[32m[2026-06-12 22:30:15.128][T17][INFO ] Progress: 27113/30490 (88%) | chr8 | Avg: 52 ms/region | ETA: 2.9 min
[0m[32m[2026-06-12 22:30:15.376][T34][INFO ] Progress: 27120/30490 (88%) | chr7 | Avg: 52 ms/region | ETA: 2.9 min
[0m[32m[2026-06-12 22:30:15.430][T6][INFO ] Progress: 27121/30490 (88%) | chr8 | Avg: 52 ms/region | ETA: 2.9 min
[0m[32m[2026-06-12 22:30:15.468][T24][INFO ] Progress: 27122/30490 (88%) | chr7 | Avg: 52 ms/region | ETA: 2.9 min
[0m[32m[2026-06-12 22:30:15.517][T15][INFO ] Progress: 27123/30490 (88%) | chr8 | Avg: 52 ms/region | ETA: 2.9 min
[0m[32m[2026-06-12 22:30:16.629][T16][INFO ] Progress: 27143/30490 (89%) | chr7 | Avg: 52 ms/region | ETA: 2.9 min
[0m[32m[2026-06-12 22:30:16.687][T6][INFO ] Progress: 27145/30490 (89%) | chr8 | Avg: 52 ms/region | ETA: 2.9 min
[0m[32m[2026-06-12 22:30:17.840][T28][INFO ] Progress: 27165/30490 (89%) | chr7 | Avg: 52 ms/region | ETA: 2.9 min
[0m[32m[2026-06-12 22:30:17.844][T27][INFO ] Progress: 27166/30490 (89%) | chr8 | Avg: 52 ms/region | ETA: 2.9 min
[0m[32m[2026-06-12 22:30:18.217][T7][INFO ] Progress: 27171/30490 (89%) | chr7 | Avg: 52 ms/region | ETA: 2.9 min
[0m[32m[2026-06-12 22:30:18.224][T20][INFO ] Progress: 27172/30490 (89%) | chr8 | Avg: 52 ms/region | ETA: 2.9 min
[0m[32m[2026-06-12 22:30:18.662][T39][INFO ] Progress: 27183/30490 (89%) | chr7 | Avg: 52 ms/region | ETA: 2.8 min
[0m[32m[2026-06-12 22:30:18.794][T31][INFO ] Progress: 27184/30490 (89%) | chr8 | Avg: 52 ms/region | ETA: 2.8 min
[0m[32m[2026-06-12 22:31:37.120][T16][INFO ] Progress: 28661/30490 (94%) | chr8 | Avg: 52 ms/region | ETA: 1.6 min
[0m[32m[2026-06-12 22:32:12.281][T24][INFO ] Progress: 29170/30490 (95%) | chr9 | Avg: 52 ms/region | ETA: 1.1 min
[0m[32m[2026-06-12 22:32:12.325][T39][INFO ] Progress: 29171/30490 (95%) | chr8 | Avg: 52 ms/region | ETA: 1.1 min
[0m[32m[2026-06-12 22:32:12.509][T29][INFO ] Progress: 29181/30490 (95%) | chr9 | Avg: 52 ms/region | ETA: 1.1 min
[0m[32m[2026-06-12 22:32:12.520][T33][INFO ] Progress: 29182/30490 (95%) | chr8 | Avg: 52 ms/region | ETA: 1.1 min
[0m[32m[2026-06-12 22:32:13.281][T16][INFO ] Progress: 29189/30490 (95%) | chr9 | Avg: 52 ms/region | ETA: 1.1 min
[0m[32m[2026-06-12 22:33:23.539][T4][INFO ] Progress: 30490/30490 (100%) | chr9 | Avg: 52 ms/region | ETA: 0s
[0m[32m[2026-06-12 22:33:23.784][T0][INFO ] Completed 30490 regions in 1590.1s (avg: 52.2 ms/region)
[0m[32m[2026-06-12 22:33:23.800][T0][INFO ] [CovM] Pass 2 diploid_coverage=87.000000x source=auto_kde (KDE mode of NumReads distribution)
[0m[32m[2026-06-12 22:33:23.886][T0][INFO ] Subclone analysis complete: 4 groups from 30328 regions
[0m[32m[2026-06-12 22:33:25.086][T0][INFO ] Significance summary written to: /big7_disk/liaoyoyo2001/InterSubMod/output/_tmp_sampling_obs_20260612_2201/tp/significance_summary.csv
[0m[32m[2026-06-12 22:33:25.086][T0][INFO ] Significance statistics summary written to: /big7_disk/liaoyoyo2001/InterSubMod/output/_tmp_sampling_obs_20260612_2201/tp/significance_statistics.txt
[0m[32m[2026-06-12 22:33:25.088][T0][INFO ] 
=== Processing Summary ===
Total regions: 30490
Successful: 30490
Failed: 0
Total reads processed: 3173868
  Forward strand (+): 1086952
  Reverse strand (-): 1089273
Total CpG sites found: 603373
Total processing time: 6.3495e+07 ms
Average time per region: 2082.49 ms
Average reads per region: 104.095
Average CpGs per region: 19.7892

=== Distance Matrix Summary (First Metric) ===
Metric: NHD
Min common coverage (C_min): 3
Regions with distance matrices: 30484
Total valid read pairs: 157927106
Total invalid pairs (insufficient overlap): 21455619
Valid pair ratio: 88.0%
Average common CpG coverage: 12.97

[0m[3] Analysis Complete.
[32m[2026-06-12 22:33:25.089][T0][INFO ] 
=== Processing Summary ===
Total regions: 30490
Successful: 30490
Failed: 0
Total reads processed: 3173868
  Forward strand (+): 1086952
  Reverse strand (-): 1089273
Total CpG sites found: 603373
Total processing time: 6.3495e+07 ms
Average time per region: 2082.49 ms
Average reads per region: 104.095
Average CpGs per region: 19.7892

=== Distance Matrix Summary (First Metric) ===
Metric: NHD
Min common coverage (C_min): 3
Regions with distance matrices: 30484
Total valid read pairs: 157927106
Total invalid pairs (insufficient overlap): 21455619
Valid pair ratio: 88.0%
Average common CpG coverage: 12.97

[0m[32m[2026-06-12 22:33:25.089][T0][INFO ] Total Wall-clock time: 1591459.354935 ms
[0m[32m[2026-06-12 22:33:25.089][T0][INFO ] Output directory: /big7_disk/liaoyoyo2001/InterSubMod/output/_tmp_sampling_obs_20260612_2201/tp
[0m[32m[2026-06-12 22:33:25.101][T0][INFO ] DONE : Main Execution (1591667 ms)
[0m[Total Execution] Time: 1591.9600 s, Memory: 57.06 MB
