echo Using bundled JDK.
openjdk version "21.0.4" 2024-07-16 LTS
OpenJDK Runtime Environment Temurin-21.0.4+7 (build 21.0.4+7-LTS)
OpenJDK 64-Bit Server VM Temurin-21.0.4+7 (build 21.0.4+7-LTS, mixed mode, sharing)
WARNING: Unknown module: jide.common specified to --add-exports
WARNING: Unknown module: jide.common specified to --add-exports
WARNING: Unknown module: jide.common specified to --add-exports
WARNING: Unknown module: jide.common specified to --add-exports
WARNING: Unknown module: jide.common specified to --add-exports
WARNING: package com.sun.java.swing.plaf.windows not in java.desktop
WARNING: package sun.awt.windows not in java.desktop
WARNING: Unknown module: jide.common specified to --add-exports
WARNING: Unknown module: jide.common specified to --add-exports
INFO [May 12,2026 03:22] [Main] Startup  IGV Version 2.19.3 04/04/2025 04:23 PM
INFO [May 12,2026 03:22] [Main] Java 21.0.4 (build 21.0.4+7-LTS) 2024-07-16
INFO [May 12,2026 03:22] [Main] Java Vendor: Eclipse Adoptium https://adoptium.net/
INFO [May 12,2026 03:22] [Main] JVM: OpenJDK 64-Bit Server VM Temurin-21.0.4+7   
INFO [May 12,2026 03:22] [Main] OS: Linux 5.15.0-168-generic amd64
INFO [May 12,2026 03:22] [Main] IGV Directory: /home/liaoyoyo2001/igv
INFO [May 12,2026 03:22] [Main] Resoluction scale = 0.0
INFO [May 12,2026 03:22] [OAuthUtils] Loading Google oAuth properties
INFO [May 12,2026 03:23] [CommandListener] Listening on port 60151
SLF4J: Failed to load class "org.slf4j.impl.StaticLoggerBinder".
SLF4J: Defaulting to no-operation (NOP) logger implementation
SLF4J: See http://www.slf4j.org/codes.html#StaticLoggerBinder for further details.
INFO [May 12,2026 03:23] [BatchRunner] Executing batch script: /big7_disk/liaoyoyo2001/InterSubMod/research/paired_priority_bug_audit/v6_quantification_evidence/igv_v6_winning_batch.txt
INFO [May 12,2026 03:23] [GenomeManager] Loading genome: /big8_disk/liaoyoyo2001/InterSubMod/data/ref/GRCh38_no_alt_analysis_set.fasta
SEVERE [May 12,2026 03:23] [ReferenceFrame] Null chromosome: 
INFO [May 12,2026 03:23] [TrackLoader] Loading resource:  /big8_disk/liaoyoyo2001/InterSubMod/data/bam/HCC1395/normal.bam
INFO [May 12,2026 03:23] [TrackLoader] Loading resource:  /big8_disk/liaoyoyo2001/InterSubMod/data/bam/HCC1395/tumor.bam
INFO [May 12,2026 03:23] [TrackLoader] Loading resource:  /big7_disk/liaoyoyo2001/longphase-to-mod/output/baseline/tumor_tagged.bam
INFO [May 12,2026 03:23] [TrackLoader] Loading resource:  /big7_disk/liaoyoyo2001/longphase-to-mod/output/pononly_v5_somatic_fallback/tumor_tagged.bam
INFO [May 12,2026 03:23] [TrackLoader] Loading resource:  /big7_disk/liaoyoyo2001/longphase-to-mod/output/v6_germline_absent_revert/tumor_tagged.bam
INFO [May 12,2026 03:23] [TrackLoader] Loading resource:  /big7_disk/liaoyoyo2001/longphase-to-mod/output/purity_06_simulation/baseline_06/tumor_tagged.bam
INFO [May 12,2026 03:23] [TrackLoader] Loading resource:  /big7_disk/liaoyoyo2001/longphase-to-mod/output/purity_06_simulation/v5_06/tumor_tagged.bam
INFO [May 12,2026 03:23] [TrackLoader] Loading resource:  /big7_disk/liaoyoyo2001/data/HCC1395_5kHz/snv.vcf.gz
INFO [May 12,2026 03:23] [TrackLoader] Loading resource:  /big8_disk/data/HCC1395/ONT/subsample/t30_n20/ClairS_TO_v0_3_0/snv.vcf.gz
INFO [May 12,2026 03:23] [TrackLoader] Loading resource:  /big7_disk/liaoyoyo2001/InterSubMod/research/igv_sessions/annotations/lp_s_normal_phase_context_15sites.vcf
INFO [May 12,2026 03:23] [TrackLoader] Loading resource:  /big7_disk/liaoyoyo2001/InterSubMod/research/igv_sessions/annotations/lp_to_bl93_phase_context_15sites.vcf
INFO [May 12,2026 03:23] [TrackLoader] Loading resource:  /big7_disk/liaoyoyo2001/InterSubMod/research/igv_sessions/annotations/lp_to_v5_93_phase_context_15sites.vcf
INFO [May 12,2026 03:23] [TrackLoader] Loading resource:  /big7_disk/liaoyoyo2001/InterSubMod/research/igv_sessions/annotations/lp_to_bl06_phase_context_15sites.vcf
INFO [May 12,2026 03:23] [TrackLoader] Loading resource:  /big7_disk/liaoyoyo2001/InterSubMod/research/igv_sessions/annotations/lp_to_v5_06_phase_context_15sites.vcf
INFO [May 12,2026 03:23] [TrackLoader] Loading resource:  /big8_disk/liaoyoyo2001/HCC1395_methylation_analysis/VCF/longphase_somatic_PASS_snv_tp_fixed.vcf.gz
INFO [May 12,2026 03:23] [TrackLoader] Loading resource:  /big8_disk/liaoyoyo2001/HCC1395_methylation_analysis/VCF/longphase_somatic_PASS_snv_fp_fixed.vcf.gz
INFO [May 12,2026 03:23] [TrackLoader] Loading resource:  /big7_disk/liaoyoyo2001/longphase-to-mod/output/longphase_to_pass_tp.vcf.gz
INFO [May 12,2026 03:23] [TrackLoader] Loading resource:  /big7_disk/liaoyoyo2001/longphase-to-mod/output/longphase_to_pass_fp.vcf.gz
INFO [May 12,2026 03:23] [TrackLoader] Loading resource:  /big7_disk/liaoyoyo2001/InterSubMod/research/igv_sessions/annotations/audit_sites_all_colored.bed
INFO [May 12,2026 03:23] [TrackLoader] Loading resource:  /big7_disk/liaoyoyo2001/InterSubMod/research/igv_sessions/annotations/audit_sites_TP.bed
INFO [May 12,2026 03:23] [TrackLoader] Loading resource:  /big7_disk/liaoyoyo2001/InterSubMod/research/igv_sessions/annotations/audit_sites_FP.bed
INFO [May 12,2026 03:23] [TrackLoader] Loading resource:  /big7_disk/liaoyoyo2001/InterSubMod/research/igv_sessions/annotations/audit_sites_V5max.bed
INFO [May 12,2026 03:23] [TrackLoader] Loading resource:  /big7_disk/liaoyoyo2001/InterSubMod/research/igv_sessions/annotations/audit_sites_SelfPhasing.bed
INFO [May 12,2026 03:23] [TrackLoader] Loading resource:  /big7_disk/liaoyoyo2001/longphase-to-mod/output/baseline/tumor_phased_LOH.bed
INFO [May 12,2026 03:23] [TrackLoader] Loading resource:  /big7_disk/liaoyoyo2001/longphase-to-mod/output/baseline/tumor_phased_GE.bed
INFO [May 12,2026 03:23] [TrackLoader] Loading resource:  /big7_disk/liaoyoyo2001/longphase-to-mod/output/pononly_v2b/tumor_phased_LOH.bed
INFO [May 12,2026 03:23] [TrackLoader] Loading resource:  /big7_disk/liaoyoyo2001/longphase-to-mod/output/pononly_v2b/tumor_phased_GE.bed
INFO [May 12,2026 03:23] [TrackLoader] Loading resource:  /big7_disk/liaoyoyo2001/longphase-to-mod/output/purity_06_simulation/baseline_06/tumor_phased_LOH.bed
INFO [May 12,2026 03:23] [TrackLoader] Loading resource:  /big7_disk/liaoyoyo2001/longphase-to-mod/output/purity_06_simulation/baseline_06/tumor_phased_GE.bed
INFO [May 12,2026 03:23] [TrackLoader] Loading resource:  /big7_disk/liaoyoyo2001/longphase-to-mod/output/purity_06_simulation/v5_06/tumor_phased_LOH.bed
INFO [May 12,2026 03:23] [TrackLoader] Loading resource:  /big7_disk/liaoyoyo2001/longphase-to-mod/output/purity_06_simulation/v5_06/tumor_phased_GE.bed
INFO [May 12,2026 03:23] [ShutdownThread] Shutting down
