[scan-hp] Tue May 12 03:10:34 AM CST 2026 — scanning per-chr HP tags
  BAMs: 4 versions x 8 chrs = 32 jobs, parallel
  DONE baseline chr19 (7 tags)
  DONE baseline chr17 (7 tags)
  DONE baseline chrX (7 tags)
  DONE baseline chr11 (7 tags)
  DONE baseline chr5 (7 tags)
  DONE baseline chr8 (7 tags)
  DONE baseline chr3 (7 tags)
  SKIP V5 chr19 (exists)
  DONE V5 chrX (7 tags)
  DONE V5 chr11 (7 tags)
  DONE V5 chr17 (7 tags)
  DONE V5 chr5 (7 tags)
  DONE V5 chr3 (7 tags)
  DONE V5 chr8 (7 tags)
  DONE V5 chr1 (7 tags)
  SKIP V6 chr19 (exists)
  DONE baseline chr1 (7 tags)
  DONE V6 chr17 (7 tags)
  DONE V6 chr8 (7 tags)
  DONE V6 chrX (7 tags)
  DONE V6 chr11 (7 tags)
  DONE V6 chr5 (7 tags)
  DONE V6 chr1 (7 tags)
  DONE V6 chr3 (7 tags)
  DONE paired_T chr1 (7 tags)
